Archive member included to satisfy reference by file (symbol)

c:/st/stm32cubeide_1.8.0/stm32cubeide/plugins/com.st.stm32cube.ide.mcu.externaltools.gnu-tools-for-stm32.9-2020-q2-update.win32_2.0.0.202105311346/tools/bin/../lib/gcc/arm-none-eabi/9.3.1/../../../../arm-none-eabi/lib/thumb/v7e-m+dp/hard\libc_nano.a(lib_a-errno.o)
                              ./Core/Src/syscalls.o (__errno)
c:/st/stm32cubeide_1.8.0/stm32cubeide/plugins/com.st.stm32cube.ide.mcu.externaltools.gnu-tools-for-stm32.9-2020-q2-update.win32_2.0.0.202105311346/tools/bin/../lib/gcc/arm-none-eabi/9.3.1/../../../../arm-none-eabi/lib/thumb/v7e-m+dp/hard\libc_nano.a(lib_a-exit.o)
                              c:/st/stm32cubeide_1.8.0/stm32cubeide/plugins/com.st.stm32cube.ide.mcu.externaltools.gnu-tools-for-stm32.9-2020-q2-update.win32_2.0.0.202105311346/tools/bin/../lib/gcc/arm-none-eabi/9.3.1/../../../../arm-none-eabi/lib/thumb/v7e-m+dp/hard/crt0.o (exit)
c:/st/stm32cubeide_1.8.0/stm32cubeide/plugins/com.st.stm32cube.ide.mcu.externaltools.gnu-tools-for-stm32.9-2020-q2-update.win32_2.0.0.202105311346/tools/bin/../lib/gcc/arm-none-eabi/9.3.1/../../../../arm-none-eabi/lib/thumb/v7e-m+dp/hard\libc_nano.a(lib_a-findfp.o)
                              ./Middlewares/Third_Party/FreeRTOS/Source/tasks.o (__sf_fake_stderr)
c:/st/stm32cubeide_1.8.0/stm32cubeide/plugins/com.st.stm32cube.ide.mcu.externaltools.gnu-tools-for-stm32.9-2020-q2-update.win32_2.0.0.202105311346/tools/bin/../lib/gcc/arm-none-eabi/9.3.1/../../../../arm-none-eabi/lib/thumb/v7e-m+dp/hard\libc_nano.a(lib_a-fwalk.o)
                              c:/st/stm32cubeide_1.8.0/stm32cubeide/plugins/com.st.stm32cube.ide.mcu.externaltools.gnu-tools-for-stm32.9-2020-q2-update.win32_2.0.0.202105311346/tools/bin/../lib/gcc/arm-none-eabi/9.3.1/../../../../arm-none-eabi/lib/thumb/v7e-m+dp/hard\libc_nano.a(lib_a-findfp.o) (_fwalk)
c:/st/stm32cubeide_1.8.0/stm32cubeide/plugins/com.st.stm32cube.ide.mcu.externaltools.gnu-tools-for-stm32.9-2020-q2-update.win32_2.0.0.202105311346/tools/bin/../lib/gcc/arm-none-eabi/9.3.1/../../../../arm-none-eabi/lib/thumb/v7e-m+dp/hard\libc_nano.a(lib_a-impure.o)
                              c:/st/stm32cubeide_1.8.0/stm32cubeide/plugins/com.st.stm32cube.ide.mcu.externaltools.gnu-tools-for-stm32.9-2020-q2-update.win32_2.0.0.202105311346/tools/bin/../lib/gcc/arm-none-eabi/9.3.1/../../../../arm-none-eabi/lib/thumb/v7e-m+dp/hard\libc_nano.a(lib_a-exit.o) (_global_impure_ptr)
c:/st/stm32cubeide_1.8.0/stm32cubeide/plugins/com.st.stm32cube.ide.mcu.externaltools.gnu-tools-for-stm32.9-2020-q2-update.win32_2.0.0.202105311346/tools/bin/../lib/gcc/arm-none-eabi/9.3.1/../../../../arm-none-eabi/lib/thumb/v7e-m+dp/hard\libc_nano.a(lib_a-init.o)
                              c:/st/stm32cubeide_1.8.0/stm32cubeide/plugins/com.st.stm32cube.ide.mcu.externaltools.gnu-tools-for-stm32.9-2020-q2-update.win32_2.0.0.202105311346/tools/bin/../lib/gcc/arm-none-eabi/9.3.1/../../../../arm-none-eabi/lib/thumb/v7e-m+dp/hard/crt0.o (__libc_init_array)
c:/st/stm32cubeide_1.8.0/stm32cubeide/plugins/com.st.stm32cube.ide.mcu.externaltools.gnu-tools-for-stm32.9-2020-q2-update.win32_2.0.0.202105311346/tools/bin/../lib/gcc/arm-none-eabi/9.3.1/../../../../arm-none-eabi/lib/thumb/v7e-m+dp/hard\libc_nano.a(lib_a-lock.o)
                              c:/st/stm32cubeide_1.8.0/stm32cubeide/plugins/com.st.stm32cube.ide.mcu.externaltools.gnu-tools-for-stm32.9-2020-q2-update.win32_2.0.0.202105311346/tools/bin/../lib/gcc/arm-none-eabi/9.3.1/../../../../arm-none-eabi/lib/thumb/v7e-m+dp/hard\libc_nano.a(lib_a-findfp.o) (__retarget_lock_init_recursive)
c:/st/stm32cubeide_1.8.0/stm32cubeide/plugins/com.st.stm32cube.ide.mcu.externaltools.gnu-tools-for-stm32.9-2020-q2-update.win32_2.0.0.202105311346/tools/bin/../lib/gcc/arm-none-eabi/9.3.1/../../../../arm-none-eabi/lib/thumb/v7e-m+dp/hard\libc_nano.a(lib_a-memcpy-stub.o)
                              ./Middlewares/Third_Party/FreeRTOS/Source/queue.o (memcpy)
c:/st/stm32cubeide_1.8.0/stm32cubeide/plugins/com.st.stm32cube.ide.mcu.externaltools.gnu-tools-for-stm32.9-2020-q2-update.win32_2.0.0.202105311346/tools/bin/../lib/gcc/arm-none-eabi/9.3.1/../../../../arm-none-eabi/lib/thumb/v7e-m+dp/hard\libc_nano.a(lib_a-memset.o)
                              c:/st/stm32cubeide_1.8.0/stm32cubeide/plugins/com.st.stm32cube.ide.mcu.externaltools.gnu-tools-for-stm32.9-2020-q2-update.win32_2.0.0.202105311346/tools/bin/../lib/gcc/arm-none-eabi/9.3.1/../../../../arm-none-eabi/lib/thumb/v7e-m+dp/hard/crt0.o (memset)
c:/st/stm32cubeide_1.8.0/stm32cubeide/plugins/com.st.stm32cube.ide.mcu.externaltools.gnu-tools-for-stm32.9-2020-q2-update.win32_2.0.0.202105311346/tools/bin/../lib/gcc/arm-none-eabi/9.3.1/../../../../arm-none-eabi/lib/thumb/v7e-m+dp/hard\libc_nano.a(lib_a-nano-mallocr.o)
[...]
Memory Configuration

Name             Origin             Length             Attributes
ITCMRAM          0x0000000000000000 0x0000000000010000 xrw
DTCMRAM          0x0000000020000000 0x0000000000020000 xrw
FLASH            0x0000000008000000 0x0000000000100000 xr
RAM_D1           0x0000000024000000 0x0000000000050000 xrw
RAM_D2           0x0000000030000000 0x0000000000008000 xrw
RAM_D3           0x0000000038000000 0x0000000000004000 xrw
*default*        0x0000000000000000 0xffffffffffffffff

Linker script and memory map

LOAD c:/st/stm32cubeide_1.8.0/stm32cubeide/plugins/com.st.stm32cube.ide.mcu.externaltools.gnu-tools-for-stm32.9-2020-q2-update.win32_2.0.0.202105311346/tools/bin/../lib/gcc/arm-none-eabi/9.3.1/thumb/v7e-m+dp/hard/crti.o
LOAD c:/st/stm32cubeide_1.8.0/stm32cubeide/plugins/com.st.stm32cube.ide.mcu.externaltools.gnu-tools-for-stm32.9-2020-q2-update.win32_2.0.0.202105311346/tools/bin/../lib/gcc/arm-none-eabi/9.3.1/thumb/v7e-m+dp/hard/crtbegin.o
LOAD c:/st/stm32cubeide_1.8.0/stm32cubeide/plugins/com.st.stm32cube.ide.mcu.externaltools.gnu-tools-for-stm32.9-2020-q2-update.win32_2.0.0.202105311346/tools/bin/../lib/gcc/arm-none-eabi/9.3.1/../../../../arm-none-eabi/lib/thumb/v7e-m+dp/hard/crt0.o
LOAD ./Core/Src/freertos.o
LOAD ./Core/Src/gpio.o
LOAD ./Core/Src/isr.o
LOAD ./Core/Src/main.o
LOAD ./Core/Src/stm32h7xx_hal_msp.o
LOAD ./Core/Src/stm32h7xx_hal_timebase_tim.o
LOAD ./Core/Src/stm32h7xx_it.o
LOAD ./Core/Src/syscalls.o
LOAD ./Core/Src/sysmem.o
LOAD ./Core/Src/system_stm32h7xx.o
LOAD ./Core/Src/tim.o
LOAD ./Core/Startup/startup_stm32h723zgtx.o
LOAD ./Drivers/STM32H7xx_HAL_Driver/Src/stm32h7xx_hal.o
LOAD ./Drivers/STM32H7xx_HAL_Driver/Src/stm32h7xx_hal_cortex.o
LOAD ./Drivers/STM32H7xx_HAL_Driver/Src/stm32h7xx_hal_dma.o
LOAD ./Drivers/STM32H7xx_HAL_Driver/Src/stm32h7xx_hal_dma_ex.o
LOAD ./Drivers/STM32H7xx_HAL_Driver/Src/stm32h7xx_hal_exti.o
LOAD ./Drivers/STM32H7xx_HAL_Driver/Src/stm32h7xx_hal_flash.o
LOAD ./Drivers/STM32H7xx_HAL_Driver/Src/stm32h7xx_hal_flash_ex.o
LOAD ./Drivers/STM32H7xx_HAL_Driver/Src/stm32h7xx_hal_gpio.o
LOAD ./Drivers/STM32H7xx_HAL_Driver/Src/stm32h7xx_hal_hsem.o
LOAD ./Drivers/STM32H7xx_HAL_Driver/Src/stm32h7xx_hal_i2c.o
LOAD ./Drivers/STM32H7xx_HAL_Driver/Src/stm32h7xx_hal_i2c_ex.o
LOAD ./Drivers/STM32H7xx_HAL_Driver/Src/stm32h7xx_hal_mdma.o
LOAD ./Drivers/STM32H7xx_HAL_Driver/Src/stm32h7xx_hal_pwr.o
LOAD ./Drivers/STM32H7xx_HAL_Driver/Src/stm32h7xx_hal_pwr_ex.o
LOAD ./Drivers/STM32H7xx_HAL_Driver/Src/stm32h7xx_hal_rcc.o
LOAD ./Drivers/STM32H7xx_HAL_Driver/Src/stm32h7xx_hal_rcc_ex.o
LOAD ./Drivers/STM32H7xx_HAL_Driver/Src/stm32h7xx_hal_tim.o
LOAD ./Drivers/STM32H7xx_HAL_Driver/Src/stm32h7xx_hal_tim_ex.o
LOAD ./Middlewares/Third_Party/FreeRTOS/Source/CMSIS_RTOS/cmsis_os.o
LOAD ./Middlewares/Third_Party/FreeRTOS/Source/croutine.o
LOAD ./Middlewares/Third_Party/FreeRTOS/Source/event_groups.o
LOAD ./Middlewares/Third_Party/FreeRTOS/Source/list.o
LOAD ./Middlewares/Third_Party/FreeRTOS/Source/queue.o
LOAD ./Middlewares/Third_Party/FreeRTOS/Source/stream_buffer.o
LOAD ./Middlewares/Third_Party/FreeRTOS/Source/tasks.o
LOAD ./Middlewares/Third_Party/FreeRTOS/Source/timers.o
LOAD ./Middlewares/Third_Party/FreeRTOS/Source/portable/GCC/ARM_CM4F/port.o
LOAD ./Middlewares/Third_Party/FreeRTOS/Source/portable/MemMang/heap_4.o
START GROUP
LOAD c:/st/stm32cubeide_1.8.0/stm32cubeide/plugins/com.st.stm32cube.ide.mcu.externaltools.gnu-tools-for-stm32.9-2020-q2-update.win32_2.0.0.202105311346/tools/bin/../lib/gcc/arm-none-eabi/9.3.1/../../../../arm-none-eabi/lib/thumb/v7e-m+dp/hard\libc_nano.a
LOAD c:/st/stm32cubeide_1.8.0/stm32cubeide/plugins/com.st.stm32cube.ide.mcu.externaltools.gnu-tools-for-stm32.9-2020-q2-update.win32_2.0.0.202105311346/tools/bin/../lib/gcc/arm-none-eabi/9.3.1/../../../../arm-none-eabi/lib/thumb/v7e-m+dp/hard\libm.a
END GROUP
START GROUP
LOAD c:/st/stm32cubeide_1.8.0/stm32cubeide/plugins/com.st.stm32cube.ide.mcu.externaltools.gnu-tools-for-stm32.9-2020-q2-update.win32_2.0.0.202105311346/tools/bin/../lib/gcc/arm-none-eabi/9.3.1/thumb/v7e-m+dp/hard\libgcc.a
LOAD c:/st/stm32cubeide_1.8.0/stm32cubeide/plugins/com.st.stm32cube.ide.mcu.externaltools.gnu-tools-for-stm32.9-2020-q2-update.win32_2.0.0.202105311346/tools/bin/../lib/gcc/arm-none-eabi/9.3.1/../../../../arm-none-eabi/lib/thumb/v7e-m+dp/hard\libc_nano.a
END GROUP
START GROUP
LOAD c:/st/stm32cubeide_1.8.0/stm32cubeide/plugins/com.st.stm32cube.ide.mcu.externaltools.gnu-tools-for-stm32.9-2020-q2-update.win32_2.0.0.202105311346/tools/bin/../lib/gcc/arm-none-eabi/9.3.1/thumb/v7e-m+dp/hard\libgcc.a
LOAD c:/st/stm32cubeide_1.8.0/stm32cubeide/plugins/com.st.stm32cube.ide.mcu.externaltools.gnu-tools-for-stm32.9-2020-q2-update.win32_2.0.0.202105311346/tools/bin/../lib/gcc/arm-none-eabi/9.3.1/../../../../arm-none-eabi/lib/thumb/v7e-m+dp/hard\libc_nano.a
LOAD c:/st/stm32cubeide_1.8.0/stm32cubeide/plugins/com.st.stm32cube.ide.mcu.externaltools.gnu-tools-for-stm32.9-2020-q2-update.win32_2.0.0.202105311346/tools/bin/../lib/gcc/arm-none-eabi/9.3.1/../../../../arm-none-eabi/lib/thumb/v7e-m+dp/hard\libnosys.a
END GROUP
START GROUP
LOAD c:/st/stm32cubeide_1.8.0/stm32cubeide/plugins/com.st.stm32cube.ide.mcu.externaltools.gnu-tools-for-stm32.9-2020-q2-update.win32_2.0.0.202105311346/tools/bin/../lib/gcc/arm-none-eabi/9.3.1/thumb/v7e-m+dp/hard\libgcc.a
LOAD c:/st/stm32cubeide_1.8.0/stm32cubeide/plugins/com.st.stm32cube.ide.mcu.externaltools.gnu-tools-for-stm32.9-2020-q2-update.win32_2.0.0.202105311346/tools/bin/../lib/gcc/arm-none-eabi/9.3.1/../../../../arm-none-eabi/lib/thumb/v7e-m+dp/hard\libc_nano.a
LOAD c:/st/stm32cubeide_1.8.0/stm32cubeide/plugins/com.st.stm32cube.ide.mcu.externaltools.gnu-tools-for-stm32.9-2020-q2-update.win32_2.0.0.202105311346/tools/bin/../lib/gcc/arm-none-eabi/9.3.1/../../../../arm-none-eabi/lib/thumb/v7e-m+dp/hard\libnosys.a
END GROUP
LOAD c:/st/stm32cubeide_1.8.0/stm32cubeide/plugins/com.st.stm32cube.ide.mcu.externaltools.gnu-tools-for-stm32.9-2020-q2-update.win32_2.0.0.202105311346/tools/bin/../lib/gcc/arm-none-eabi/9.3.1/thumb/v7e-m+dp/hard/crtend.o
LOAD c:/st/stm32cubeide_1.8.0/stm32cubeide/plugins/com.st.stm32cube.ide.mcu.externaltools.gnu-tools-for-stm32.9-2020-q2-update.win32_2.0.0.202105311346/tools/bin/../lib/gcc/arm-none-eabi/9.3.1/thumb/v7e-m+dp/hard/crtn.o
                0x0000000024050000                _estack = (ORIGIN (RAM_D1) + LENGTH (RAM_D1))
                0x0000000000000200                _Min_Heap_Size = 0x200
                0x0000000000000400                _Min_Stack_Size = 0x400

.isr_vector     0x0000000008000000      0x2cc
                0x0000000008000000                . = ALIGN (0x4)
 *(.isr_vector)
 .isr_vector    0x0000000008000000      0x2cc ./Core/Startup/startup_stm32h723zgtx.o
                0x0000000008000000                g_pfnVectors
                0x00000000080002cc                . = ALIGN (0x4)

.text           0x00000000080002d0     0x4e4c
                0x00000000080002d0                . = ALIGN (0x4)
 *(.text)
 .text          0x00000000080002d0       0x40 c:/st/stm32cubeide_1.8.0/stm32cubeide/plugins/com.st.stm32cube.ide.mcu.externaltools.gnu-tools-for-stm32.9-2020-q2-update.win32_2.0.0.202105311346/tools/bin/../lib/gcc/arm-none-eabi/9.3.1/thumb/v7e-m+dp/hard/crtbegin.o
 *(.text*)
 .text.vApplicationGetIdleTaskMemory
                0x0000000008000310       0x34 ./Core/Src/freertos.o
                0x0000000008000310                vApplicationGetIdleTaskMemory
 .text.MX_FREERTOS_Init
                0x0000000008000344       0x38 ./Core/Src/freertos.o
                0x0000000008000344                MX_FREERTOS_Init
 .text.StartDefaultTask
                0x000000000800037c       0x10 ./Core/Src/freertos.o
                0x000000000800037c                StartDefaultTask
 .text.MX_GPIO_Init
                0x000000000800038c       0x54 ./Core/Src/gpio.o
                0x000000000800038c                MX_GPIO_Init
 .text.HAL_TIM_IC_CaptureCallback
                0x00000000080003e0       0xfc ./Core/Src/isr.o
                0x00000000080003e0                HAL_TIM_IC_CaptureCallback
 .text.main     0x00000000080004dc       0x3c ./Core/Src/main.o
                0x00000000080004dc                main
 .text.SystemClock_Config
                0x0000000008000518       0xe0 ./Core/Src/main.o
                0x0000000008000518                SystemClock_Config
 .text.HAL_TIM_PeriodElapsedCallback
                0x00000000080005f8       0x24 ./Core/Src/main.o
                0x00000000080005f8                HAL_TIM_PeriodElapsedCallback
 .text.Error_Handler
                0x000000000800061c        0xa ./Core/Src/main.o
                0x000000000800061c                Error_Handler
 *fill*         0x0000000008000626        0x2 
 .text.HAL_MspInit
                0x0000000008000628       0x3c ./Core/Src/stm32h7xx_hal_msp.o
                0x0000000008000628                HAL_MspInit
 .text.HAL_InitTick
                0x0000000008000664       0xc4 ./Core/Src/stm32h7xx_hal_timebase_tim.o
                0x0000000008000664                HAL_InitTick
 .text.NMI_Handler
                0x0000000008000728        0x6 ./Core/Src/stm32h7xx_it.o
                0x0000000008000728                NMI_Handler
 .text.HardFault_Handler
                0x000000000800072e        0x6 ./Core/Src/stm32h7xx_it.o
                0x000000000800072e                HardFault_Handler
 .text.MemManage_Handler
                0x0000000008000734        0x6 ./Core/Src/stm32h7xx_it.o
                0x0000000008000734                MemManage_Handler
 .text.BusFault_Handler
                0x000000000800073a        0x6 ./Core/Src/stm32h7xx_it.o
                0x000000000800073a                BusFault_Handler
 .text.UsageFault_Handler
                0x0000000008000740        0x6 ./Core/Src/stm32h7xx_it.o
                0x0000000008000740                UsageFault_Handler
 .text.DebugMon_Handler
                0x0000000008000746        0xe ./Core/Src/stm32h7xx_it.o
                0x0000000008000746                DebugMon_Handler
 .text.TIM1_UP_IRQHandler
                0x0000000008000754       0x14 ./Core/Src/stm32h7xx_it.o
                0x0000000008000754                TIM1_UP_IRQHandler
 .text.TIM2_IRQHandler
                0x0000000008000768       0x14 ./Core/Src/stm32h7xx_it.o
                0x0000000008000768                TIM2_IRQHandler
 .text.SystemInit
                0x000000000800077c       0xf0 ./Core/Src/system_stm32h7xx.o
                0x000000000800077c                SystemInit
 .text.MX_TIM2_Init
                0x000000000800086c       0xa8 ./Core/Src/tim.o
                0x000000000800086c                MX_TIM2_Init
 .text.MX_TIM3_Init
                0x0000000008000914       0xb8 ./Core/Src/tim.o
                0x0000000008000914                MX_TIM3_Init
 .text.HAL_TIM_IC_MspInit
                0x00000000080009cc       0xa0 ./Core/Src/tim.o
                0x00000000080009cc                HAL_TIM_IC_MspInit
 .text.HAL_TIM_PWM_MspInit
                0x0000000008000a6c       0x44 ./Core/Src/tim.o
                0x0000000008000a6c                HAL_TIM_PWM_MspInit
 .text.HAL_TIM_MspPostInit
                0x0000000008000ab0       0x74 ./Core/Src/tim.o
                0x0000000008000ab0                HAL_TIM_MspPostInit
 .text.Reset_Handler
                0x0000000008000b24       0x50 ./Core/Startup/startup_stm32h723zgtx.o
                0x0000000008000b24                Reset_Handler
 .text.Default_Handler
                0x0000000008000b74        0x2 ./Core/Startup/startup_stm32h723zgtx.o
                0x0000000008000b74                RTC_Alarm_IRQHandler
                0x0000000008000b74                EXTI2_IRQHandler
                0x0000000008000b74                TIM8_CC_IRQHandler
                0x0000000008000b74                UART8_IRQHandler
                0x0000000008000b74                SPI4_IRQHandler
                0x0000000008000b74                FDCAN3_IT0_IRQHandler
                0x0000000008000b74                TIM1_CC_IRQHandler
                0x0000000008000b74                BDMA_Channel6_IRQHandler
                0x0000000008000b74                DMA2_Stream5_IRQHandler
                0x0000000008000b74                DMA1_Stream5_IRQHandler
                0x0000000008000b74                CORDIC_IRQHandler
                0x0000000008000b74                BDMA_Channel1_IRQHandler
                0x0000000008000b74                TAMP_STAMP_IRQHandler
                0x0000000008000b74                EXTI3_IRQHandler
                0x0000000008000b74                LPTIM4_IRQHandler
                0x0000000008000b74                TIM8_TRG_COM_TIM14_IRQHandler
                0x0000000008000b74                LPTIM2_IRQHandler
                0x0000000008000b74                DFSDM1_FLT1_IRQHandler
                0x0000000008000b74                DMAMUX2_OVR_IRQHandler
                0x0000000008000b74                TIM8_UP_TIM13_IRQHandler
                0x0000000008000b74                I2C3_ER_IRQHandler
                0x0000000008000b74                DFSDM1_FLT2_IRQHandler
                0x0000000008000b74                I2C5_EV_IRQHandler
                0x0000000008000b74                USART10_IRQHandler
                0x0000000008000b74                MDMA_IRQHandler
                0x0000000008000b74                LPTIM3_IRQHandler
                0x0000000008000b74                HSEM1_IRQHandler
                0x0000000008000b74                EXTI0_IRQHandler
                0x0000000008000b74                I2C2_EV_IRQHandler
                0x0000000008000b74                DMA1_Stream2_IRQHandler
                0x0000000008000b74                FPU_IRQHandler
                0x0000000008000b74                OTG_HS_WKUP_IRQHandler
                0x0000000008000b74                FDCAN1_IT1_IRQHandler
                0x0000000008000b74                LTDC_ER_IRQHandler
                0x0000000008000b74                DMA2_Stream2_IRQHandler
                0x0000000008000b74                SPI1_IRQHandler
                0x0000000008000b74                OCTOSPI1_IRQHandler
                0x0000000008000b74                TIM6_DAC_IRQHandler
                0x0000000008000b74                DMA2_Stream3_IRQHandler
                0x0000000008000b74                OCTOSPI2_IRQHandler
                0x0000000008000b74                DFSDM1_FLT3_IRQHandler
                0x0000000008000b74                TIM23_IRQHandler
                0x0000000008000b74                USART6_IRQHandler
                0x0000000008000b74                TIM17_IRQHandler
                0x0000000008000b74                USART3_IRQHandler
                0x0000000008000b74                BDMA_Channel7_IRQHandler
                0x0000000008000b74                LPTIM5_IRQHandler
                0x0000000008000b74                UART5_IRQHandler
                0x0000000008000b74                ADC3_IRQHandler
                0x0000000008000b74                DMA2_Stream0_IRQHandler
                0x0000000008000b74                TIM4_IRQHandler
                0x0000000008000b74                BDMA_Channel2_IRQHandler
                0x0000000008000b74                I2C1_EV_IRQHandler
                0x0000000008000b74                DMA1_Stream6_IRQHandler
                0x0000000008000b74                DMAMUX1_OVR_IRQHandler
                0x0000000008000b74                DMA1_Stream1_IRQHandler
                0x0000000008000b74                TIM16_IRQHandler
                0x0000000008000b74                UART4_IRQHandler
                0x0000000008000b74                BDMA_Channel5_IRQHandler
                0x0000000008000b74                TIM3_IRQHandler
                0x0000000008000b74                RCC_IRQHandler
                0x0000000008000b74                UART9_IRQHandler
                0x0000000008000b74                TIM8_BRK_TIM12_IRQHandler
                0x0000000008000b74                TIM1_TRG_COM_IRQHandler
                0x0000000008000b74                Default_Handler
                0x0000000008000b74                ECC_IRQHandler
                0x0000000008000b74                FMAC_IRQHandler
                0x0000000008000b74                CEC_IRQHandler
                0x0000000008000b74                EXTI15_10_IRQHandler
                0x0000000008000b74                BDMA_Channel0_IRQHandler
                0x0000000008000b74                ADC_IRQHandler
                0x0000000008000b74                I2C5_ER_IRQHandler
                0x0000000008000b74                DMA1_Stream7_IRQHandler
                0x0000000008000b74                SPI5_IRQHandler
                0x0000000008000b74                TIM7_IRQHandler
                0x0000000008000b74                FDCAN3_IT1_IRQHandler
                0x0000000008000b74                SDMMC1_IRQHandler
                0x0000000008000b74                TIM5_IRQHandler
                0x0000000008000b74                DMA2_Stream7_IRQHandler
                0x0000000008000b74                TIM15_IRQHandler
                0x0000000008000b74                PVD_AVD_IRQHandler
                0x0000000008000b74                I2C3_EV_IRQHandler
                0x0000000008000b74                EXTI9_5_IRQHandler
                0x0000000008000b74                RTC_WKUP_IRQHandler
                0x0000000008000b74                LTDC_IRQHandler
                0x0000000008000b74                ETH_WKUP_IRQHandler
                0x0000000008000b74                SPDIF_RX_IRQHandler
                0x0000000008000b74                SPI2_IRQHandler
                0x0000000008000b74                OTG_HS_EP1_IN_IRQHandler
                0x0000000008000b74                DMA1_Stream0_IRQHandler
                0x0000000008000b74                TIM24_IRQHandler
                0x0000000008000b74                CRS_IRQHandler
                0x0000000008000b74                EXTI4_IRQHandler
                0x0000000008000b74                RNG_IRQHandler
                0x0000000008000b74                FDCAN2_IT1_IRQHandler
                0x0000000008000b74                ETH_IRQHandler
                0x0000000008000b74                BDMA_Channel4_IRQHandler
                0x0000000008000b74                OTG_HS_EP1_OUT_IRQHandler
                0x0000000008000b74                WWDG_IRQHandler
                0x0000000008000b74                SPI6_IRQHandler
                0x0000000008000b74                MDIOS_IRQHandler
                0x0000000008000b74                I2C4_EV_IRQHandler
                0x0000000008000b74                FDCAN2_IT0_IRQHandler
                0x0000000008000b74                LPUART1_IRQHandler
                0x0000000008000b74                FDCAN1_IT0_IRQHandler
                0x0000000008000b74                OTG_HS_IRQHandler
                0x0000000008000b74                DMA2D_IRQHandler
                0x0000000008000b74                TIM1_BRK_IRQHandler
                0x0000000008000b74                EXTI1_IRQHandler
                0x0000000008000b74                SDMMC2_IRQHandler
                0x0000000008000b74                BDMA_Channel3_IRQHandler
                0x0000000008000b74                DTS_IRQHandler
                0x0000000008000b74                UART7_IRQHandler
                0x0000000008000b74                MDIOS_WKUP_IRQHandler
                0x0000000008000b74                USART2_IRQHandler
                0x0000000008000b74                DFSDM1_FLT0_IRQHandler
                0x0000000008000b74                SAI4_IRQHandler
                0x0000000008000b74                I2C2_ER_IRQHandler
                0x0000000008000b74                DMA2_Stream1_IRQHandler
                0x0000000008000b74                FLASH_IRQHandler
                0x0000000008000b74                DMA2_Stream4_IRQHandler
                0x0000000008000b74                USART1_IRQHandler
                0x0000000008000b74                SPI3_IRQHandler
                0x0000000008000b74                WAKEUP_PIN_IRQHandler
                0x0000000008000b74                DMA1_Stream4_IRQHandler
                0x0000000008000b74                I2C1_ER_IRQHandler
                0x0000000008000b74                FMC_IRQHandler
                0x0000000008000b74                FDCAN_CAL_IRQHandler
                0x0000000008000b74                SWPMI1_IRQHandler
                0x0000000008000b74                COMP1_IRQHandler
                0x0000000008000b74                LPTIM1_IRQHandler
                0x0000000008000b74                DCMI_PSSI_IRQHandler
                0x0000000008000b74                I2C4_ER_IRQHandler
                0x0000000008000b74                DMA2_Stream6_IRQHandler
                0x0000000008000b74                SAI1_IRQHandler
                0x0000000008000b74                DMA1_Stream3_IRQHandler
 *fill*         0x0000000008000b76        0x2 
 .text.HAL_Init
                0x0000000008000b78       0x78 ./Drivers/STM32H7xx_HAL_Driver/Src/stm32h7xx_hal.o
                0x0000000008000b78                HAL_Init
 .text.HAL_IncTick
                0x0000000008000bf0       0x28 ./Drivers/STM32H7xx_HAL_Driver/Src/stm32h7xx_hal.o
                0x0000000008000bf0                HAL_IncTick
 .text.HAL_GetTick
                0x0000000008000c18       0x18 ./Drivers/STM32H7xx_HAL_Driver/Src/stm32h7xx_hal.o
                0x0000000008000c18                HAL_GetTick
 .text.__NVIC_SetPriorityGrouping
                0x0000000008000c30       0x48 ./Drivers/STM32H7xx_HAL_Driver/Src/stm32h7xx_hal_cortex.o
 .text.__NVIC_GetPriorityGrouping
                0x0000000008000c78       0x1c ./Drivers/STM32H7xx_HAL_Driver/Src/stm32h7xx_hal_cortex.o
 .text.__NVIC_EnableIRQ
                0x0000000008000c94       0x3c ./Drivers/STM32H7xx_HAL_Driver/Src/stm32h7xx_hal_cortex.o
 .text.__NVIC_SetPriority
                0x0000000008000cd0       0x54 ./Drivers/STM32H7xx_HAL_Driver/Src/stm32h7xx_hal_cortex.o
 .text.NVIC_EncodePriority
                0x0000000008000d24       0x66 ./Drivers/STM32H7xx_HAL_Driver/Src/stm32h7xx_hal_cortex.o
 .text.HAL_NVIC_SetPriorityGrouping
                0x0000000008000d8a       0x16 ./Drivers/STM32H7xx_HAL_Driver/Src/stm32h7xx_hal_cortex.o
                0x0000000008000d8a                HAL_NVIC_SetPriorityGrouping
 .text.HAL_NVIC_SetPriority
                0x0000000008000da0       0x34 ./Drivers/STM32H7xx_HAL_Driver/Src/stm32h7xx_hal_cortex.o
                0x0000000008000da0                HAL_NVIC_SetPriority
 .text.HAL_NVIC_EnableIRQ
                0x0000000008000dd4       0x1c ./Drivers/STM32H7xx_HAL_Driver/Src/stm32h7xx_hal_cortex.o
                0x0000000008000dd4                HAL_NVIC_EnableIRQ
 .text.HAL_GPIO_Init
                0x0000000008000df0      0x350 ./Drivers/STM32H7xx_HAL_Driver/Src/stm32h7xx_hal_gpio.o
                0x0000000008000df0                HAL_GPIO_Init
 .text.HAL_PWREx_ConfigSupply
                0x0000000008001140       0x74 ./Drivers/STM32H7xx_HAL_Driver/Src/stm32h7xx_hal_pwr_ex.o
                0x0000000008001140                HAL_PWREx_ConfigSupply
 .text.HAL_RCC_OscConfig
                0x00000000080011b4      0x758 ./Drivers/STM32H7xx_HAL_Driver/Src/stm32h7xx_hal_rcc.o
                0x00000000080011b4                HAL_RCC_OscConfig
 .text.HAL_RCC_ClockConfig
                0x000000000800190c      0x36c ./Drivers/STM32H7xx_HAL_Driver/Src/stm32h7xx_hal_rcc.o
                0x000000000800190c                HAL_RCC_ClockConfig
 .text.HAL_RCC_GetSysClockFreq
                0x0000000008001c78      0x2f4 ./Drivers/STM32H7xx_HAL_Driver/Src/stm32h7xx_hal_rcc.o
                0x0000000008001c78                HAL_RCC_GetSysClockFreq
 .text.HAL_RCC_GetHCLKFreq
                0x0000000008001f6c       0x60 ./Drivers/STM32H7xx_HAL_Driver/Src/stm32h7xx_hal_rcc.o
                0x0000000008001f6c                HAL_RCC_GetHCLKFreq
 .text.HAL_RCC_GetPCLK2Freq
                0x0000000008001fcc       0x2c ./Drivers/STM32H7xx_HAL_Driver/Src/stm32h7xx_hal_rcc.o
                0x0000000008001fcc                HAL_RCC_GetPCLK2Freq
 .text.HAL_RCC_GetClockConfig
                0x0000000008001ff8       0x84 ./Drivers/STM32H7xx_HAL_Driver/Src/stm32h7xx_hal_rcc.o
                0x0000000008001ff8                HAL_RCC_GetClockConfig
 .text.HAL_TIM_Base_Init
                0x000000000800207c       0xae ./Drivers/STM32H7xx_HAL_Driver/Src/stm32h7xx_hal_tim.o
                0x000000000800207c                HAL_TIM_Base_Init
 .text.HAL_TIM_Base_MspInit
                0x000000000800212a       0x14 ./Drivers/STM32H7xx_HAL_Driver/Src/stm32h7xx_hal_tim.o
                0x000000000800212a                HAL_TIM_Base_MspInit
 *fill*         0x000000000800213e        0x2 
 .text.HAL_TIM_Base_Start_IT
                0x0000000008002140      0x10c ./Drivers/STM32H7xx_HAL_Driver/Src/stm32h7xx_hal_tim.o
                0x0000000008002140                HAL_TIM_Base_Start_IT
 .text.HAL_TIM_PWM_Init
                0x000000000800224c       0xae ./Drivers/STM32H7xx_HAL_Driver/Src/stm32h7xx_hal_tim.o
                0x000000000800224c                HAL_TIM_PWM_Init
 *fill*         0x00000000080022fa        0x2 
 .text.HAL_TIM_PWM_Start
                0x00000000080022fc      0x238 ./Drivers/STM32H7xx_HAL_Driver/Src/stm32h7xx_hal_tim.o
                0x00000000080022fc                HAL_TIM_PWM_Start
 .text.HAL_TIM_IC_Init
                0x0000000008002534       0xae ./Drivers/STM32H7xx_HAL_Driver/Src/stm32h7xx_hal_tim.o
                0x0000000008002534                HAL_TIM_IC_Init
 *fill*         0x00000000080025e2        0x2 
 .text.HAL_TIM_IC_Start_IT
                0x00000000080025e4      0x2bc ./Drivers/STM32H7xx_HAL_Driver/Src/stm32h7xx_hal_tim.o
                0x00000000080025e4                HAL_TIM_IC_Start_IT
 .text.HAL_TIM_IRQHandler
                0x00000000080028a0      0x23e ./Drivers/STM32H7xx_HAL_Driver/Src/stm32h7xx_hal_tim.o
                0x00000000080028a0                HAL_TIM_IRQHandler
 .text.HAL_TIM_IC_ConfigChannel
                0x0000000008002ade      0x138 ./Drivers/STM32H7xx_HAL_Driver/Src/stm32h7xx_hal_tim.o
                0x0000000008002ade                HAL_TIM_IC_ConfigChannel
 *fill*         0x0000000008002c16        0x2 
 .text.HAL_TIM_PWM_ConfigChannel
                0x0000000008002c18      0x228 ./Drivers/STM32H7xx_HAL_Driver/Src/stm32h7xx_hal_tim.o
                0x0000000008002c18                HAL_TIM_PWM_ConfigChannel
 .text.HAL_TIM_ReadCapturedValue
                0x0000000008002e40       0x88 ./Drivers/STM32H7xx_HAL_Driver/Src/stm32h7xx_hal_tim.o
                0x0000000008002e40                HAL_TIM_ReadCapturedValue
 .text.HAL_TIM_OC_DelayElapsedCallback
                0x0000000008002ec8       0x14 ./Drivers/STM32H7xx_HAL_Driver/Src/stm32h7xx_hal_tim.o
                0x0000000008002ec8                HAL_TIM_OC_DelayElapsedCallback
 .text.HAL_TIM_PWM_PulseFinishedCallback
                0x0000000008002edc       0x14 ./Drivers/STM32H7xx_HAL_Driver/Src/stm32h7xx_hal_tim.o
                0x0000000008002edc                HAL_TIM_PWM_PulseFinishedCallback
 .text.HAL_TIM_TriggerCallback
                0x0000000008002ef0       0x14 ./Drivers/STM32H7xx_HAL_Driver/Src/stm32h7xx_hal_tim.o
                0x0000000008002ef0                HAL_TIM_TriggerCallback
 .text.TIM_Base_SetConfig
                0x0000000008002f04      0x14c ./Drivers/STM32H7xx_HAL_Driver/Src/stm32h7xx_hal_tim.o
                0x0000000008002f04                TIM_Base_SetConfig
 .text.TIM_OC1_SetConfig
                0x0000000008003050      0x120 ./Drivers/STM32H7xx_HAL_Driver/Src/stm32h7xx_hal_tim.o
 .text.TIM_OC2_SetConfig
                0x0000000008003170      0x114 ./Drivers/STM32H7xx_HAL_Driver/Src/stm32h7xx_hal_tim.o
                0x0000000008003170                TIM_OC2_SetConfig
 .text.TIM_OC3_SetConfig
                0x0000000008003284      0x110 ./Drivers/STM32H7xx_HAL_Driver/Src/stm32h7xx_hal_tim.o
 .text.TIM_OC4_SetConfig
                0x0000000008003394       0xd4 ./Drivers/STM32H7xx_HAL_Driver/Src/stm32h7xx_hal_tim.o
 .text.TIM_OC5_SetConfig
                0x0000000008003468       0xc8 ./Drivers/STM32H7xx_HAL_Driver/Src/stm32h7xx_hal_tim.o
 .text.TIM_OC6_SetConfig
                0x0000000008003530       0xcc ./Drivers/STM32H7xx_HAL_Driver/Src/stm32h7xx_hal_tim.o
 .text.TIM_TI1_SetConfig
                0x00000000080035fc      0x100 ./Drivers/STM32H7xx_HAL_Driver/Src/stm32h7xx_hal_tim.o
                0x00000000080035fc                TIM_TI1_SetConfig
 .text.TIM_TI2_SetConfig
                0x00000000080036fc       0x7a ./Drivers/STM32H7xx_HAL_Driver/Src/stm32h7xx_hal_tim.o
 .text.TIM_TI3_SetConfig
                0x0000000008003776       0x78 ./Drivers/STM32H7xx_HAL_Driver/Src/stm32h7xx_hal_tim.o
 .text.TIM_TI4_SetConfig
                0x00000000080037ee       0x7a ./Drivers/STM32H7xx_HAL_Driver/Src/stm32h7xx_hal_tim.o
 .text.TIM_CCxChannelCmd
                0x0000000008003868       0x4a ./Drivers/STM32H7xx_HAL_Driver/Src/stm32h7xx_hal_tim.o
                0x0000000008003868                TIM_CCxChannelCmd
 *fill*         0x00000000080038b2        0x2 
 .text.HAL_TIMEx_MasterConfigSynchronization
                0x00000000080038b4      0x138 ./Drivers/STM32H7xx_HAL_Driver/Src/stm32h7xx_hal_tim_ex.o
                0x00000000080038b4                HAL_TIMEx_MasterConfigSynchronization
 .text.HAL_TIMEx_CommutCallback
                0x00000000080039ec       0x14 ./Drivers/STM32H7xx_HAL_Driver/Src/stm32h7xx_hal_tim_ex.o
                0x00000000080039ec                HAL_TIMEx_CommutCallback
 .text.HAL_TIMEx_BreakCallback
                0x0000000008003a00       0x14 ./Drivers/STM32H7xx_HAL_Driver/Src/stm32h7xx_hal_tim_ex.o
                0x0000000008003a00                HAL_TIMEx_BreakCallback
 .text.HAL_TIMEx_Break2Callback
                0x0000000008003a14       0x14 ./Drivers/STM32H7xx_HAL_Driver/Src/stm32h7xx_hal_tim_ex.o
                0x0000000008003a14                HAL_TIMEx_Break2Callback
 .text.makeFreeRtosPriority
                0x0000000008003a28       0x30 ./Middlewares/Third_Party/FreeRTOS/Source/CMSIS_RTOS/cmsis_os.o
 .text.osKernelStart
                0x0000000008003a58        0xe ./Middlewares/Third_Party/FreeRTOS/Source/CMSIS_RTOS/cmsis_os.o
                0x0000000008003a58                osKernelStart
 .text.osThreadCreate
                0x0000000008003a66       0x98 ./Middlewares/Third_Party/FreeRTOS/Source/CMSIS_RTOS/cmsis_os.o
                0x0000000008003a66                osThreadCreate
 .text.osDelay  0x0000000008003afe       0x28 ./Middlewares/Third_Party/FreeRTOS/Source/CMSIS_RTOS/cmsis_os.o
                0x0000000008003afe                osDelay
 .text.vListInitialise
                0x0000000008003b26       0x40 ./Middlewares/Third_Party/FreeRTOS/Source/list.o
                0x0000000008003b26                vListInitialise
 .text.vListInitialiseItem
                0x0000000008003b66       0x1a ./Middlewares/Third_Party/FreeRTOS/Source/list.o
                0x0000000008003b66                vListInitialiseItem
 .text.vListInsertEnd
                0x0000000008003b80       0x48 ./Middlewares/Third_Party/FreeRTOS/Source/list.o
                0x0000000008003b80                vListInsertEnd
 .text.vListInsert
                0x0000000008003bc8       0x72 ./Middlewares/Third_Party/FreeRTOS/Source/list.o
                0x0000000008003bc8                vListInsert
 .text.uxListRemove
                0x0000000008003c3a       0x54 ./Middlewares/Third_Party/FreeRTOS/Source/list.o
                0x0000000008003c3a                uxListRemove
 .text.xTaskCreateStatic
                0x0000000008003c8e       0xba ./Middlewares/Third_Party/FreeRTOS/Source/tasks.o
                0x0000000008003c8e                xTaskCreateStatic
 .text.xTaskCreate
                0x0000000008003d48       0x8a ./Middlewares/Third_Party/FreeRTOS/Source/tasks.o
                0x0000000008003d48                xTaskCreate
 *fill*         0x0000000008003dd2        0x2 
 .text.prvInitialiseNewTask
                0x0000000008003dd4      0x13c ./Middlewares/Third_Party/FreeRTOS/Source/tasks.o
 .text.prvAddNewTaskToReadyList
                0x0000000008003f10       0xd4 ./Middlewares/Third_Party/FreeRTOS/Source/tasks.o
 .text.vTaskDelay
                0x0000000008003fe4       0x68 ./Middlewares/Third_Party/FreeRTOS/Source/tasks.o
                0x0000000008003fe4                vTaskDelay
 .text.vTaskStartScheduler
                0x000000000800404c       0xd4 ./Middlewares/Third_Party/FreeRTOS/Source/tasks.o
                0x000000000800404c                vTaskStartScheduler
 .text.vTaskSuspendAll
                0x0000000008004120       0x1c ./Middlewares/Third_Party/FreeRTOS/Source/tasks.o
                0x0000000008004120                vTaskSuspendAll
 .text.xTaskResumeAll
                0x000000000800413c      0x138 ./Middlewares/Third_Party/FreeRTOS/Source/tasks.o
                0x000000000800413c                xTaskResumeAll
 .text.xTaskIncrementTick
                0x0000000008004274      0x170 ./Middlewares/Third_Party/FreeRTOS/Source/tasks.o
                0x0000000008004274                xTaskIncrementTick
 .text.vTaskSwitchContext
                0x00000000080043e4       0xc4 ./Middlewares/Third_Party/FreeRTOS/Source/tasks.o
                0x00000000080043e4                vTaskSwitchContext
 .text.prvIdleTask
                0x00000000080044a8       0x30 ./Middlewares/Third_Party/FreeRTOS/Source/tasks.o
 .text.prvInitialiseTaskLists
                0x00000000080044d8       0x80 ./Middlewares/Third_Party/FreeRTOS/Source/tasks.o
 .text.prvCheckTasksWaitingTermination
                0x0000000008004558       0x5c ./Middlewares/Third_Party/FreeRTOS/Source/tasks.o
 .text.prvDeleteTCB
                0x00000000080045b4       0x68 ./Middlewares/Third_Party/FreeRTOS/Source/tasks.o
 .text.prvResetNextTaskUnblockTime
                0x000000000800461c       0x40 ./Middlewares/Third_Party/FreeRTOS/Source/tasks.o
 .text.prvAddCurrentTaskToDelayedList
                0x000000000800465c       0xcc ./Middlewares/Third_Party/FreeRTOS/Source/tasks.o
 .text.pxPortInitialiseStack
                0x0000000008004728       0x68 ./Middlewares/Third_Party/FreeRTOS/Source/portable/GCC/ARM_CM4F/port.o
                0x0000000008004728                pxPortInitialiseStack
 .text.prvTaskExitError
                0x0000000008004790       0x58 ./Middlewares/Third_Party/FreeRTOS/Source/portable/GCC/ARM_CM4F/port.o
 *fill*         0x00000000080047e8        0x8 
 .text.SVC_Handler
                0x00000000080047f0       0x28 ./Middlewares/Third_Party/FreeRTOS/Source/portable/GCC/ARM_CM4F/port.o
                0x00000000080047f0                SVC_Handler
 .text.prvPortStartFirstTask
                0x0000000008004818       0x28 ./Middlewares/Third_Party/FreeRTOS/Source/portable/GCC/ARM_CM4F/port.o
 .text.xPortStartScheduler
                0x0000000008004840      0x144 ./Middlewares/Third_Party/FreeRTOS/Source/portable/GCC/ARM_CM4F/port.o
                0x0000000008004840                xPortStartScheduler
 .text.vPortEnterCritical
                0x0000000008004984       0x60 ./Middlewares/Third_Party/FreeRTOS/Source/portable/GCC/ARM_CM4F/port.o
                0x0000000008004984                vPortEnterCritical
 .text.vPortExitCritical
                0x00000000080049e4       0x54 ./Middlewares/Third_Party/FreeRTOS/Source/portable/GCC/ARM_CM4F/port.o
                0x00000000080049e4                vPortExitCritical
 *fill*         0x0000000008004a38        0x8 
 .text.PendSV_Handler
                0x0000000008004a40       0x68 ./Middlewares/Third_Party/FreeRTOS/Source/portable/GCC/ARM_CM4F/port.o
                0x0000000008004a40                PendSV_Handler
 .text.SysTick_Handler
                0x0000000008004aa8       0x44 ./Middlewares/Third_Party/FreeRTOS/Source/portable/GCC/ARM_CM4F/port.o
                0x0000000008004aa8                SysTick_Handler
 .text.vPortSetupTimerInterrupt
                0x0000000008004aec       0x48 ./Middlewares/Third_Party/FreeRTOS/Source/portable/GCC/ARM_CM4F/port.o
                0x0000000008004aec                vPortSetupTimerInterrupt
 .text.vPortEnableVFP
                0x0000000008004b34       0x14 ./Middlewares/Third_Party/FreeRTOS/Source/portable/GCC/ARM_CM4F/port.o
 .text.pvPortMalloc
                0x0000000008004b48      0x198 ./Middlewares/Third_Party/FreeRTOS/Source/portable/MemMang/heap_4.o
                0x0000000008004b48                pvPortMalloc
 .text.vPortFree
                0x0000000008004ce0       0xc4 ./Middlewares/Third_Party/FreeRTOS/Source/portable/MemMang/heap_4.o
                0x0000000008004ce0                vPortFree
 .text.prvHeapInit
                0x0000000008004da4       0xc4 ./Middlewares/Third_Party/FreeRTOS/Source/portable/MemMang/heap_4.o
 .text.prvInsertBlockIntoFreeList
                0x0000000008004e68       0xb4 ./Middlewares/Third_Party/FreeRTOS/Source/portable/MemMang/heap_4.o
 .text.__libc_init_array
                0x0000000008004f1c       0x48 c:/st/stm32cubeide_1.8.0/stm32cubeide/plugins/com.st.stm32cube.ide.mcu.externaltools.gnu-tools-for-stm32.9-2020-q2-update.win32_2.0.0.202105311346/tools/bin/../lib/gcc/arm-none-eabi/9.3.1/../../../../arm-none-eabi/lib/thumb/v7e-m+dp/hard\libc_nano.a(lib_a-init.o)
                0x0000000008004f1c                __libc_init_array
 .text.__retarget_lock_acquire_recursive
                0x0000000008004f64        0x2 c:/st/stm32cubeide_1.8.0/stm32cubeide/plugins/com.st.stm32cube.ide.mcu.externaltools.gnu-tools-for-stm32.9-2020-q2-update.win32_2.0.0.202105311346/tools/bin/../lib/gcc/arm-none-eabi/9.3.1/../../../../arm-none-eabi/lib/thumb/v7e-m+dp/hard\libc_nano.a(lib_a-lock.o)
                0x0000000008004f64                __retarget_lock_acquire_recursive
 .text.__retarget_lock_release_recursive
                0x0000000008004f66        0x2 c:/st/stm32cubeide_1.8.0/stm32cubeide/plugins/com.st.stm32cube.ide.mcu.externaltools.gnu-tools-for-stm32.9-2020-q2-update.win32_2.0.0.202105311346/tools/bin/../lib/gcc/arm-none-eabi/9.3.1/../../../../arm-none-eabi/lib/thumb/v7e-m+dp/hard\libc_nano.a(lib_a-lock.o)
                0x0000000008004f66                __retarget_lock_release_recursive
 .text.memset   0x0000000008004f68       0x10 c:/st/stm32cubeide_1.8.0/stm32cubeide/plugins/com.st.stm32cube.ide.mcu.externaltools.gnu-tools-for-stm32.9-2020-q2-update.win32_2.0.0.202105311346/tools/bin/../lib/gcc/arm-none-eabi/9.3.1/../../../../arm-none-eabi/lib/thumb/v7e-m+dp/hard\libc_nano.a(lib_a-memset.o)
                0x0000000008004f68                memset
 .text.cleanup_glue
                0x0000000008004f78       0x1a c:/st/stm32cubeide_1.8.0/stm32cubeide/plugins/com.st.stm32cube.ide.mcu.externaltools.gnu-tools-for-stm32.9-2020-q2-update.win32_2.0.0.202105311346/tools/bin/../lib/gcc/arm-none-eabi/9.3.1/../../../../arm-none-eabi/lib/thumb/v7e-m+dp/hard\libc_nano.a(lib_a-reent.o)
                0x0000000008004f78                cleanup_glue
 *fill*         0x0000000008004f92        0x2 
 .text._reclaim_reent
                0x0000000008004f94       0xb8 c:/st/stm32cubeide_1.8.0/stm32cubeide/plugins/com.st.stm32cube.ide.mcu.externaltools.gnu-tools-for-stm32.9-2020-q2-update.win32_2.0.0.202105311346/tools/bin/../lib/gcc/arm-none-eabi/9.3.1/../../../../arm-none-eabi/lib/thumb/v7e-m+dp/hard\libc_nano.a(lib_a-reent.o)
                0x0000000008004f94                _reclaim_reent
 .text.__malloc_lock
                0x000000000800504c        0xc c:/st/stm32cubeide_1.8.0/stm32cubeide/plugins/com.st.stm32cube.ide.mcu.externaltools.gnu-tools-for-stm32.9-2020-q2-update.win32_2.0.0.202105311346/tools/bin/../lib/gcc/arm-none-eabi/9.3.1/../../../../arm-none-eabi/lib/thumb/v7e-m+dp/hard\libc_nano.a(lib_a-mlock.o)
                0x000000000800504c                __malloc_lock
 .text.__malloc_unlock
                0x0000000008005058        0xc c:/st/stm32cubeide_1.8.0/stm32cubeide/plugins/com.st.stm32cube.ide.mcu.externaltools.gnu-tools-for-stm32.9-2020-q2-update.win32_2.0.0.202105311346/tools/bin/../lib/gcc/arm-none-eabi/9.3.1/../../../../arm-none-eabi/lib/thumb/v7e-m+dp/hard\libc_nano.a(lib_a-mlock.o)
                0x0000000008005058                __malloc_unlock
 .text._free_r  0x0000000008005064       0xa0 c:/st/stm32cubeide_1.8.0/stm32cubeide/plugins/com.st.stm32cube.ide.mcu.externaltools.gnu-tools-for-stm32.9-2020-q2-update.win32_2.0.0.202105311346/tools/bin/../lib/gcc/arm-none-eabi/9.3.1/../../../../arm-none-eabi/lib/thumb/v7e-m+dp/hard\libc_nano.a(lib_a-nano-freer.o)
                0x0000000008005064                _free_r
 *(.glue_7)
 .glue_7        0x0000000008005104        0x0 linker stubs
 *(.glue_7t)
 .glue_7t       0x0000000008005104        0x0 linker stubs
 *(.eh_frame)
 .eh_frame      0x0000000008005104        0x0 c:/st/stm32cubeide_1.8.0/stm32cubeide/plugins/com.st.stm32cube.ide.mcu.externaltools.gnu-tools-for-stm32.9-2020-q2-update.win32_2.0.0.202105311346/tools/bin/../lib/gcc/arm-none-eabi/9.3.1/thumb/v7e-m+dp/hard/crtbegin.o
 *(.init)
 .init          0x0000000008005104        0x4 c:/st/stm32cubeide_1.8.0/stm32cubeide/plugins/com.st.stm32cube.ide.mcu.externaltools.gnu-tools-for-stm32.9-2020-q2-update.win32_2.0.0.202105311346/tools/bin/../lib/gcc/arm-none-eabi/9.3.1/thumb/v7e-m+dp/hard/crti.o
                0x0000000008005104                _init
 .init          0x0000000008005108        0x8 c:/st/stm32cubeide_1.8.0/stm32cubeide/plugins/com.st.stm32cube.ide.mcu.externaltools.gnu-tools-for-stm32.9-2020-q2-update.win32_2.0.0.202105311346/tools/bin/../lib/gcc/arm-none-eabi/9.3.1/thumb/v7e-m+dp/hard/crtn.o
 *(.fini)
 .fini          0x0000000008005110        0x4 c:/st/stm32cubeide_1.8.0/stm32cubeide/plugins/com.st.stm32cube.ide.mcu.externaltools.gnu-tools-for-stm32.9-2020-q2-update.win32_2.0.0.202105311346/tools/bin/../lib/gcc/arm-none-eabi/9.3.1/thumb/v7e-m+dp/hard/crti.o
                0x0000000008005110                _fini
 .fini          0x0000000008005114        0x8 c:/st/stm32cubeide_1.8.0/stm32cubeide/plugins/com.st.stm32cube.ide.mcu.externaltools.gnu-tools-for-stm32.9-2020-q2-update.win32_2.0.0.202105311346/tools/bin/../lib/gcc/arm-none-eabi/9.3.1/thumb/v7e-m+dp/hard/crtn.o
                0x000000000800511c                . = ALIGN (0x4)
                0x000000000800511c                _etext = .

.vfp11_veneer   0x000000000800511c        0x0
 .vfp11_veneer  0x000000000800511c        0x0 linker stubs

.v4_bx          0x000000000800511c        0x0
 .v4_bx         0x000000000800511c        0x0 linker stubs

.iplt           0x000000000800511c        0x0
 .iplt          0x000000000800511c        0x0 c:/st/stm32cubeide_1.8.0/stm32cubeide/plugins/com.st.stm32cube.ide.mcu.externaltools.gnu-tools-for-stm32.9-2020-q2-update.win32_2.0.0.202105311346/tools/bin/../lib/gcc/arm-none-eabi/9.3.1/thumb/v7e-m+dp/hard/crtbegin.o

.rodata         0x000000000800511c       0xa0
                0x000000000800511c                . = ALIGN (0x4)
 *(.rodata)
 .rodata        0x000000000800511c       0x28 ./Core/Src/freertos.o
 .rodata        0x0000000008005144        0x5 ./Middlewares/Third_Party/FreeRTOS/Source/tasks.o
 *(.rodata*)
 *fill*         0x0000000008005149        0x3 
 .rodata.D1CorePrescTable
                0x000000000800514c       0x10 ./Core/Src/system_stm32h7xx.o
                0x000000000800514c                D1CorePrescTable
 .rodata.__sf_fake_stderr
                0x000000000800515c       0x20 c:/st/stm32cubeide_1.8.0/stm32cubeide/plugins/com.st.stm32cube.ide.mcu.externaltools.gnu-tools-for-stm32.9-2020-q2-update.win32_2.0.0.202105311346/tools/bin/../lib/gcc/arm-none-eabi/9.3.1/../../../../arm-none-eabi/lib/thumb/v7e-m+dp/hard\libc_nano.a(lib_a-findfp.o)
                0x000000000800515c                __sf_fake_stderr
 .rodata.__sf_fake_stdin
                0x000000000800517c       0x20 c:/st/stm32cubeide_1.8.0/stm32cubeide/plugins/com.st.stm32cube.ide.mcu.externaltools.gnu-tools-for-stm32.9-2020-q2-update.win32_2.0.0.202105311346/tools/bin/../lib/gcc/arm-none-eabi/9.3.1/../../../../arm-none-eabi/lib/thumb/v7e-m+dp/hard\libc_nano.a(lib_a-findfp.o)
                0x000000000800517c                __sf_fake_stdin
 .rodata.__sf_fake_stdout
                0x000000000800519c       0x20 c:/st/stm32cubeide_1.8.0/stm32cubeide/plugins/com.st.stm32cube.ide.mcu.externaltools.gnu-tools-for-stm32.9-2020-q2-update.win32_2.0.0.202105311346/tools/bin/../lib/gcc/arm-none-eabi/9.3.1/../../../../arm-none-eabi/lib/thumb/v7e-m+dp/hard\libc_nano.a(lib_a-findfp.o)
                0x000000000800519c                __sf_fake_stdout
                0x00000000080051bc                . = ALIGN (0x4)

.rel.dyn        0x00000000080051bc        0x0
 .rel.iplt      0x00000000080051bc        0x0 c:/st/stm32cubeide_1.8.0/stm32cubeide/plugins/com.st.stm32cube.ide.mcu.externaltools.gnu-tools-for-stm32.9-2020-q2-update.win32_2.0.0.202105311346/tools/bin/../lib/gcc/arm-none-eabi/9.3.1/thumb/v7e-m+dp/hard/crtbegin.o

.ARM.extab
 *(.ARM.extab* .gnu.linkonce.armextab.*)

.ARM            0x00000000080051bc        0x0
                0x00000000080051bc                __exidx_start = .
 *(.ARM.exidx*)
                0x00000000080051bc                __exidx_end = .

.preinit_array  0x00000000080051bc        0x0
                0x00000000080051bc                PROVIDE (__preinit_array_start = .)
 *(.preinit_array*)
                0x00000000080051bc                PROVIDE (__preinit_array_end = .)

.init_array     0x00000000080051bc        0x4
                0x00000000080051bc                PROVIDE (__init_array_start = .)
 *(SORT_BY_NAME(.init_array.*))
 *(.init_array*)
 .init_array    0x00000000080051bc        0x4 c:/st/stm32cubeide_1.8.0/stm32cubeide/plugins/com.st.stm32cube.ide.mcu.externaltools.gnu-tools-for-stm32.9-2020-q2-update.win32_2.0.0.202105311346/tools/bin/../lib/gcc/arm-none-eabi/9.3.1/thumb/v7e-m+dp/hard/crtbegin.o
                0x00000000080051c0                PROVIDE (__init_array_end = .)

.fini_array     0x00000000080051c0        0x4
                [!provide]                        PROVIDE (__fini_array_start = .)
 *(SORT_BY_NAME(.fini_array.*))
 *(.fini_array*)
 .fini_array    0x00000000080051c0        0x4 c:/st/stm32cubeide_1.8.0/stm32cubeide/plugins/com.st.stm32cube.ide.mcu.externaltools.gnu-tools-for-stm32.9-2020-q2-update.win32_2.0.0.202105311346/tools/bin/../lib/gcc/arm-none-eabi/9.3.1/thumb/v7e-m+dp/hard/crtbegin.o
                [!provide]                        PROVIDE (__fini_array_end = .)
                0x00000000080051c4                _sidata = LOADADDR (.data)

.data           0x0000000024000000       0x78 load address 0x00000000080051c4
                0x0000000024000000                . = ALIGN (0x4)
                0x0000000024000000                _sdata = .
 *(.data)
 *(.data*)
 .data.SystemCoreClock
                0x0000000024000000        0x4 ./Core/Src/system_stm32h7xx.o
                0x0000000024000000                SystemCoreClock
 .data.SystemD2Clock
                0x0000000024000004        0x4 ./Core/Src/system_stm32h7xx.o
                0x0000000024000004                SystemD2Clock
 .data.uwTickPrio
                0x0000000024000008        0x4 ./Drivers/STM32H7xx_HAL_Driver/Src/stm32h7xx_hal.o
                0x0000000024000008                uwTickPrio
 .data.uwTickFreq
                0x000000002400000c        0x1 ./Drivers/STM32H7xx_HAL_Driver/Src/stm32h7xx_hal.o
                0x000000002400000c                uwTickFreq
 *fill*         0x000000002400000d        0x3 
 .data.uxCriticalNesting
                0x0000000024000010        0x4 ./Middlewares/Third_Party/FreeRTOS/Source/portable/GCC/ARM_CM4F/port.o
 .data._impure_ptr
                0x0000000024000014        0x4 c:/st/stm32cubeide_1.8.0/stm32cubeide/plugins/com.st.stm32cube.ide.mcu.externaltools.gnu-tools-for-stm32.9-2020-q2-update.win32_2.0.0.202105311346/tools/bin/../lib/gcc/arm-none-eabi/9.3.1/../../../../arm-none-eabi/lib/thumb/v7e-m+dp/hard\libc_nano.a(lib_a-impure.o)
                0x0000000024000014                _impure_ptr
 .data.impure_data
                0x0000000024000018       0x60 c:/st/stm32cubeide_1.8.0/stm32cubeide/plugins/com.st.stm32cube.ide.mcu.externaltools.gnu-tools-for-stm32.9-2020-q2-update.win32_2.0.0.202105311346/tools/bin/../lib/gcc/arm-none-eabi/9.3.1/../../../../arm-none-eabi/lib/thumb/v7e-m+dp/hard\libc_nano.a(lib_a-impure.o)
 *(.RamFunc)
 *(.RamFunc*)
                0x0000000024000078                . = ALIGN (0x4)
                0x0000000024000078                _edata = .

.igot.plt       0x0000000024000078        0x0 load address 0x000000000800523c
 .igot.plt      0x0000000024000078        0x0 c:/st/stm32cubeide_1.8.0/stm32cubeide/plugins/com.st.stm32cube.ide.mcu.externaltools.gnu-tools-for-stm32.9-2020-q2-update.win32_2.0.0.202105311346/tools/bin/../lib/gcc/arm-none-eabi/9.3.1/thumb/v7e-m+dp/hard/crtbegin.o
                0x0000000024000078                . = ALIGN (0x4)

.bss            0x0000000024000078     0x4134 load address 0x000000000800523c
                0x0000000024000078                _sbss = .
                0x0000000024000078                __bss_start__ = _sbss
 *(.bss)
 .bss           0x0000000024000078       0x1c c:/st/stm32cubeide_1.8.0/stm32cubeide/plugins/com.st.stm32cube.ide.mcu.externaltools.gnu-tools-for-stm32.9-2020-q2-update.win32_2.0.0.202105311346/tools/bin/../lib/gcc/arm-none-eabi/9.3.1/thumb/v7e-m+dp/hard/crtbegin.o
 *(.bss*)
 .bss.xIdleTaskTCBBuffer
                0x0000000024000094       0xb4 ./Core/Src/freertos.o
 .bss.xIdleStack
                0x0000000024000148      0x200 ./Core/Src/freertos.o
 .bss.IC_Val1   0x0000000024000348        0x4 ./Core/Src/isr.o
                0x0000000024000348                IC_Val1
 .bss.IC_Val2   0x000000002400034c        0x4 ./Core/Src/isr.o
                0x000000002400034c                IC_Val2
 .bss.Difference
                0x0000000024000350        0x4 ./Core/Src/isr.o
                0x0000000024000350                Difference
 .bss.Is_First_Captured
                0x0000000024000354        0x1 ./Core/Src/isr.o
                0x0000000024000354                Is_First_Captured
 *fill*         0x0000000024000355        0x3 
 .bss.Distance  0x0000000024000358        0x4 ./Core/Src/isr.o
                0x0000000024000358                Distance
 .bss.pxCurrentTCB
                0x000000002400035c        0x4 ./Middlewares/Third_Party/FreeRTOS/Source/tasks.o
                0x000000002400035c                pxCurrentTCB
 .bss.pxReadyTasksLists
                0x0000000024000360       0x8c ./Middlewares/Third_Party/FreeRTOS/Source/tasks.o
 .bss.xDelayedTaskList1
                0x00000000240003ec       0x14 ./Middlewares/Third_Party/FreeRTOS/Source/tasks.o
 .bss.xDelayedTaskList2
                0x0000000024000400       0x14 ./Middlewares/Third_Party/FreeRTOS/Source/tasks.o
 .bss.pxDelayedTaskList
                0x0000000024000414        0x4 ./Middlewares/Third_Party/FreeRTOS/Source/tasks.o
 .bss.pxOverflowDelayedTaskList
                0x0000000024000418        0x4 ./Middlewares/Third_Party/FreeRTOS/Source/tasks.o
 .bss.xPendingReadyList
                0x000000002400041c       0x14 ./Middlewares/Third_Party/FreeRTOS/Source/tasks.o
 .bss.xTasksWaitingTermination
                0x0000000024000430       0x14 ./Middlewares/Third_Party/FreeRTOS/Source/tasks.o
 .bss.uxDeletedTasksWaitingCleanUp
                0x0000000024000444        0x4 ./Middlewares/Third_Party/FreeRTOS/Source/tasks.o
 .bss.xSuspendedTaskList
                0x0000000024000448       0x14 ./Middlewares/Third_Party/FreeRTOS/Source/tasks.o
 .bss.uxCurrentNumberOfTasks
                0x000000002400045c        0x4 ./Middlewares/Third_Party/FreeRTOS/Source/tasks.o
 .bss.xTickCount
                0x0000000024000460        0x4 ./Middlewares/Third_Party/FreeRTOS/Source/tasks.o
 .bss.uxTopReadyPriority
                0x0000000024000464        0x4 ./Middlewares/Third_Party/FreeRTOS/Source/tasks.o
 .bss.xSchedulerRunning
                0x0000000024000468        0x4 ./Middlewares/Third_Party/FreeRTOS/Source/tasks.o
 .bss.xPendedTicks
                0x000000002400046c        0x4 ./Middlewares/Third_Party/FreeRTOS/Source/tasks.o
 .bss.xYieldPending
                0x0000000024000470        0x4 ./Middlewares/Third_Party/FreeRTOS/Source/tasks.o
 .bss.xNumOfOverflows
                0x0000000024000474        0x4 ./Middlewares/Third_Party/FreeRTOS/Source/tasks.o
 .bss.uxTaskNumber
                0x0000000024000478        0x4 ./Middlewares/Third_Party/FreeRTOS/Source/tasks.o
 .bss.xNextTaskUnblockTime
                0x000000002400047c        0x4 ./Middlewares/Third_Party/FreeRTOS/Source/tasks.o
 .bss.xIdleTaskHandle
                0x0000000024000480        0x4 ./Middlewares/Third_Party/FreeRTOS/Source/tasks.o
 .bss.uxSchedulerSuspended
                0x0000000024000484        0x4 ./Middlewares/Third_Party/FreeRTOS/Source/tasks.o
 .bss.ucMaxSysCallPriority
                0x0000000024000488        0x1 ./Middlewares/Third_Party/FreeRTOS/Source/portable/GCC/ARM_CM4F/port.o
 *fill*         0x0000000024000489        0x3 
 .bss.ulMaxPRIGROUPValue
                0x000000002400048c        0x4 ./Middlewares/Third_Party/FreeRTOS/Source/portable/GCC/ARM_CM4F/port.o
 .bss.ucHeap    0x0000000024000490     0x3c00 ./Middlewares/Third_Party/FreeRTOS/Source/portable/MemMang/heap_4.o
 .bss.xStart    0x0000000024004090        0x8 ./Middlewares/Third_Party/FreeRTOS/Source/portable/MemMang/heap_4.o
 .bss.pxEnd     0x0000000024004098        0x4 ./Middlewares/Third_Party/FreeRTOS/Source/portable/MemMang/heap_4.o
 .bss.xFreeBytesRemaining
                0x000000002400409c        0x4 ./Middlewares/Third_Party/FreeRTOS/Source/portable/MemMang/heap_4.o
 .bss.xMinimumEverFreeBytesRemaining
                0x00000000240040a0        0x4 ./Middlewares/Third_Party/FreeRTOS/Source/portable/MemMang/heap_4.o
 .bss.xNumberOfSuccessfulAllocations
                0x00000000240040a4        0x4 ./Middlewares/Third_Party/FreeRTOS/Source/portable/MemMang/heap_4.o
 .bss.xNumberOfSuccessfulFrees
                0x00000000240040a8        0x4 ./Middlewares/Third_Party/FreeRTOS/Source/portable/MemMang/heap_4.o
 .bss.xBlockAllocatedBit
                0x00000000240040ac        0x4 ./Middlewares/Third_Party/FreeRTOS/Source/portable/MemMang/heap_4.o
 .bss.__malloc_free_list
                0x00000000240040b0        0x4 c:/st/stm32cubeide_1.8.0/stm32cubeide/plugins/com.st.stm32cube.ide.mcu.externaltools.gnu-tools-for-stm32.9-2020-q2-update.win32_2.0.0.202105311346/tools/bin/../lib/gcc/arm-none-eabi/9.3.1/../../../../arm-none-eabi/lib/thumb/v7e-m+dp/hard\libc_nano.a(lib_a-nano-mallocr.o)
                0x00000000240040b0                __malloc_free_list
 *(COMMON)
 COMMON         0x00000000240040b4        0x4 ./Core/Src/freertos.o
                0x00000000240040b4                defaultTaskHandle
 COMMON         0x00000000240040b8       0x4c ./Core/Src/stm32h7xx_hal_timebase_tim.o
                0x00000000240040b8                htim1
 COMMON         0x0000000024004104       0x98 ./Core/Src/tim.o
                0x0000000024004104                htim3
                0x0000000024004150                htim2
 COMMON         0x000000002400419c        0x4 ./Drivers/STM32H7xx_HAL_Driver/Src/stm32h7xx_hal.o
                0x000000002400419c                uwTick
 COMMON         0x00000000240041a0        0x9 c:/st/stm32cubeide_1.8.0/stm32cubeide/plugins/com.st.stm32cube.ide.mcu.externaltools.gnu-tools-for-stm32.9-2020-q2-update.win32_2.0.0.202105311346/tools/bin/../lib/gcc/arm-none-eabi/9.3.1/../../../../arm-none-eabi/lib/thumb/v7e-m+dp/hard\libc_nano.a(lib_a-lock.o)
                0x00000000240041a0                __lock___atexit_recursive_mutex
                0x00000000240041a1                __lock___arc4random_mutex
                0x00000000240041a2                __lock___env_recursive_mutex
                0x00000000240041a3                __lock___sinit_recursive_mutex
                0x00000000240041a4                __lock___malloc_recursive_mutex
                0x00000000240041a5                __lock___at_quick_exit_mutex
                0x00000000240041a6                __lock___dd_hash_mutex
                0x00000000240041a7                __lock___tz_mutex
                0x00000000240041a8                __lock___sfp_recursive_mutex
                0x00000000240041ac                . = ALIGN (0x4)
 *fill*         0x00000000240041a9        0x3 
                0x00000000240041ac                _ebss = .
                0x00000000240041ac                __bss_end__ = _ebss

._user_heap_stack
                0x00000000240041ac      0x604 load address 0x000000000800523c
                0x00000000240041b0                . = ALIGN (0x8)
 *fill*         0x00000000240041ac        0x4 
                [!provide]                        PROVIDE (end = .)
                0x00000000240041b0                PROVIDE (_end = .)
                0x00000000240043b0                . = (. + _Min_Heap_Size)
 *fill*         0x00000000240041b0      0x200 
                0x00000000240047b0                . = (. + _Min_Stack_Size)
 *fill*         0x00000000240043b0      0x400 
                0x00000000240047b0                . = ALIGN (0x8)

/DISCARD/
 libc.a(*)
 libm.a(*)
 libgcc.a(*)

.ARM.attributes
                0x0000000000000000       0x2e
 *(.ARM.attributes)
 .ARM.attributes
                0x0000000000000000       0x1e c:/st/stm32cubeide_1.8.0/stm32cubeide/plugins/com.st.stm32cube.ide.mcu.externaltools.gnu-tools-for-stm32.9-2020-q2-update.win32_2.0.0.202105311346/tools/bin/../lib/gcc/arm-none-eabi/9.3.1/thumb/v7e-m+dp/hard/crti.o
 .ARM.attributes
                0x000000000000001e       0x32 c:/st/stm32cubeide_1.8.0/stm32cubeide/plugins/com.st.stm32cube.ide.mcu.externaltools.gnu-tools-for-stm32.9-2020-q2-update.win32_2.0.0.202105311346/tools/bin/../lib/gcc/arm-none-eabi/9.3.1/thumb/v7e-m+dp/hard/crtbegin.o
 .ARM.attributes
                0x0000000000000050       0x32 ./Core/Src/freertos.o
 .ARM.attributes
                0x0000000000000082       0x32 ./Core/Src/gpio.o
 .ARM.attributes
                0x00000000000000b4       0x32 ./Core/Src/isr.o
 .ARM.attributes
                0x00000000000000e6       0x32 ./Core/Src/main.o
 .ARM.attributes
                0x0000000000000118       0x32 ./Core/Src/stm32h7xx_hal_msp.o
 .ARM.attributes
                0x000000000000014a       0x32 ./Core/Src/stm32h7xx_hal_timebase_tim.o
 .ARM.attributes
                0x000000000000017c       0x32 ./Core/Src/stm32h7xx_it.o
 .ARM.attributes
                0x00000000000001ae       0x32 ./Core/Src/system_stm32h7xx.o
 .ARM.attributes
                0x00000000000001e0       0x32 ./Core/Src/tim.o
 .ARM.attributes
                0x0000000000000212       0x21 ./Core/Startup/startup_stm32h723zgtx.o
 .ARM.attributes
                0x0000000000000233       0x32 ./Drivers/STM32H7xx_HAL_Driver/Src/stm32h7xx_hal.o
 .ARM.attributes
                0x0000000000000265       0x32 ./Drivers/STM32H7xx_HAL_Driver/Src/stm32h7xx_hal_cortex.o
 .ARM.attributes
                0x0000000000000297       0x32 ./Drivers/STM32H7xx_HAL_Driver/Src/stm32h7xx_hal_gpio.o
 .ARM.attributes
                0x00000000000002c9       0x32 ./Drivers/STM32H7xx_HAL_Driver/Src/stm32h7xx_hal_pwr_ex.o
 .ARM.attributes
                0x00000000000002fb       0x32 ./Drivers/STM32H7xx_HAL_Driver/Src/stm32h7xx_hal_rcc.o
 .ARM.attributes
                0x000000000000032d       0x32 ./Drivers/STM32H7xx_HAL_Driver/Src/stm32h7xx_hal_tim.o
 .ARM.attributes
                0x000000000000035f       0x32 ./Drivers/STM32H7xx_HAL_Driver/Src/stm32h7xx_hal_tim_ex.o
 .ARM.attributes
                0x0000000000000391       0x32 ./Middlewares/Third_Party/FreeRTOS/Source/CMSIS_RTOS/cmsis_os.o
 .ARM.attributes
                0x00000000000003c3       0x32 ./Middlewares/Third_Party/FreeRTOS/Source/list.o
 .ARM.attributes
                0x00000000000003f5       0x32 ./Middlewares/Third_Party/FreeRTOS/Source/tasks.o
 .ARM.attributes
                0x0000000000000427       0x32 ./Middlewares/Third_Party/FreeRTOS/Source/portable/GCC/ARM_CM4F/port.o
 .ARM.attributes
                0x0000000000000459       0x32 ./Middlewares/Third_Party/FreeRTOS/Source/portable/MemMang/heap_4.o
 .ARM.attributes
                0x000000000000048b       0x32 c:/st/stm32cubeide_1.8.0/stm32cubeide/plugins/com.st.stm32cube.ide.mcu.externaltools.gnu-tools-for-stm32.9-2020-q2-update.win32_2.0.0.202105311346/tools/bin/../lib/gcc/arm-none-eabi/9.3.1/../../../../arm-none-eabi/lib/thumb/v7e-m+dp/hard\libc_nano.a(lib_a-findfp.o)
 .ARM.attributes
                0x00000000000004bd       0x30 c:/st/stm32cubeide_1.8.0/stm32cubeide/plugins/com.st.stm32cube.ide.mcu.externaltools.gnu-tools-for-stm32.9-2020-q2-update.win32_2.0.0.202105311346/tools/bin/../lib/gcc/arm-none-eabi/9.3.1/../../../../arm-none-eabi/lib/thumb/v7e-m+dp/hard\libc_nano.a(lib_a-impure.o)
 .ARM.attributes
                0x00000000000004ed       0x32 c:/st/stm32cubeide_1.8.0/stm32cubeide/plugins/com.st.stm32cube.ide.mcu.externaltools.gnu-tools-for-stm32.9-2020-q2-update.win32_2.0.0.202105311346/tools/bin/../lib/gcc/arm-none-eabi/9.3.1/../../../../arm-none-eabi/lib/thumb/v7e-m+dp/hard\libc_nano.a(lib_a-init.o)
 .ARM.attributes
                0x000000000000051f       0x32 c:/st/stm32cubeide_1.8.0/stm32cubeide/plugins/com.st.stm32cube.ide.mcu.externaltools.gnu-tools-for-stm32.9-2020-q2-update.win32_2.0.0.202105311346/tools/bin/../lib/gcc/arm-none-eabi/9.3.1/../../../../arm-none-eabi/lib/thumb/v7e-m+dp/hard\libc_nano.a(lib_a-lock.o)
 .ARM.attributes
                0x0000000000000551       0x32 c:/st/stm32cubeide_1.8.0/stm32cubeide/plugins/com.st.stm32cube.ide.mcu.externaltools.gnu-tools-for-stm32.9-2020-q2-update.win32_2.0.0.202105311346/tools/bin/../lib/gcc/arm-none-eabi/9.3.1/../../../../arm-none-eabi/lib/thumb/v7e-m+dp/hard\libc_nano.a(lib_a-memset.o)
 .ARM.attributes
                0x0000000000000583       0x32 c:/st/stm32cubeide_1.8.0/stm32cubeide/plugins/com.st.stm32cube.ide.mcu.externaltools.gnu-tools-for-stm32.9-2020-q2-update.win32_2.0.0.202105311346/tools/bin/../lib/gcc/arm-none-eabi/9.3.1/../../../../arm-none-eabi/lib/thumb/v7e-m+dp/hard\libc_nano.a(lib_a-nano-mallocr.o)
 .ARM.attributes
                0x00000000000005b5       0x32 c:/st/stm32cubeide_1.8.0/stm32cubeide/plugins/com.st.stm32cube.ide.mcu.externaltools.gnu-tools-for-stm32.9-2020-q2-update.win32_2.0.0.202105311346/tools/bin/../lib/gcc/arm-none-eabi/9.3.1/../../../../arm-none-eabi/lib/thumb/v7e-m+dp/hard\libc_nano.a(lib_a-reent.o)
 .ARM.attributes
                0x00000000000005e7       0x32 c:/st/stm32cubeide_1.8.0/stm32cubeide/plugins/com.st.stm32cube.ide.mcu.externaltools.gnu-tools-for-stm32.9-2020-q2-update.win32_2.0.0.202105311346/tools/bin/../lib/gcc/arm-none-eabi/9.3.1/../../../../arm-none-eabi/lib/thumb/v7e-m+dp/hard\libc_nano.a(lib_a-mlock.o)
 .ARM.attributes
                0x0000000000000619       0x32 c:/st/stm32cubeide_1.8.0/stm32cubeide/plugins/com.st.stm32cube.ide.mcu.externaltools.gnu-tools-for-stm32.9-2020-q2-update.win32_2.0.0.202105311346/tools/bin/../lib/gcc/arm-none-eabi/9.3.1/../../../../arm-none-eabi/lib/thumb/v7e-m+dp/hard\libc_nano.a(lib_a-nano-freer.o)
 .ARM.attributes
                0x000000000000064b       0x1e c:/st/stm32cubeide_1.8.0/stm32cubeide/plugins/com.st.stm32cube.ide.mcu.externaltools.gnu-tools-for-stm32.9-2020-q2-update.win32_2.0.0.202105311346/tools/bin/../lib/gcc/arm-none-eabi/9.3.1/thumb/v7e-m+dp/hard/crtn.o
OUTPUT(first_stage.elf elf32-littlearm)
LOAD linker stubs
LOAD c:/st/stm32cubeide_1.8.0/stm32cubeide/plugins/com.st.stm32cube.ide.mcu.externaltools.gnu-tools-for-stm32.9-2020-q2-update.win32_2.0.0.202105311346/tools/bin/../lib/gcc/arm-none-eabi/9.3.1/../../../../arm-none-eabi/lib/thumb/v7e-m+dp/hard\libc.a
LOAD c:/st/stm32cubeide_1.8.0/stm32cubeide/plugins/com.st.stm32cube.ide.mcu.externaltools.gnu-tools-for-stm32.9-2020-q2-update.win32_2.0.0.202105311346/tools/bin/../lib/gcc/arm-none-eabi/9.3.1/../../../../arm-none-eabi/lib/thumb/v7e-m+dp/hard\libm.a
LOAD c:/st/stm32cubeide_1.8.0/stm32cubeide/plugins/com.st.stm32cube.ide.mcu.externaltools.gnu-tools-for-stm32.9-2020-q2-update.win32_2.0.0.202105311346/tools/bin/../lib/gcc/arm-none-eabi/9.3.1/thumb/v7e-m+dp/hard\libgcc.a

.debug_info     0x0000000000000000    0x20572
 .debug_info    0x0000000000000000      0xeb8 ./Core/Src/freertos.o
 .debug_info    0x0000000000000eb8      0xf58 ./Core/Src/gpio.o
 .debug_info    0x0000000000001e10     0x128f ./Core/Src/isr.o
 .debug_info    0x000000000000309f     0x1553 ./Core/Src/main.o
 .debug_info    0x00000000000045f2     0x12b6 ./Core/Src/stm32h7xx_hal_msp.o
 .debug_info    0x00000000000058a8     0x1a9d ./Core/Src/stm32h7xx_hal_timebase_tim.o
 .debug_info    0x0000000000007345     0x1299 ./Core/Src/stm32h7xx_it.o
 .debug_info    0x00000000000085de     0x1586 ./Core/Src/system_stm32h7xx.o
 .debug_info    0x0000000000009b64     0x1d58 ./Core/Src/tim.o
 .debug_info    0x000000000000b8bc       0x22 ./Core/Startup/startup_stm32h723zgtx.o
 .debug_info    0x000000000000b8de     0x20cd ./Drivers/STM32H7xx_HAL_Driver/Src/stm32h7xx_hal.o
 .debug_info    0x000000000000d9ab     0x1bc8 ./Drivers/STM32H7xx_HAL_Driver/Src/stm32h7xx_hal_cortex.o
 .debug_info    0x000000000000f573     0x17ce ./Drivers/STM32H7xx_HAL_Driver/Src/stm32h7xx_hal_gpio.o
 .debug_info    0x0000000000010d41     0x18da ./Drivers/STM32H7xx_HAL_Driver/Src/stm32h7xx_hal_pwr_ex.o
 .debug_info    0x000000000001261b     0x1837 ./Drivers/STM32H7xx_HAL_Driver/Src/stm32h7xx_hal_rcc.o
 .debug_info    0x0000000000013e52     0x37a3 ./Drivers/STM32H7xx_HAL_Driver/Src/stm32h7xx_hal_tim.o
 .debug_info    0x00000000000175f5     0x230c ./Drivers/STM32H7xx_HAL_Driver/Src/stm32h7xx_hal_tim_ex.o
 .debug_info    0x0000000000019901     0x204a ./Middlewares/Third_Party/FreeRTOS/Source/CMSIS_RTOS/cmsis_os.o
 .debug_info    0x000000000001b94b      0xb82 ./Middlewares/Third_Party/FreeRTOS/Source/list.o
 .debug_info    0x000000000001c4cd     0x2591 ./Middlewares/Third_Party/FreeRTOS/Source/tasks.o
 .debug_info    0x000000000001ea5e      0xd8a ./Middlewares/Third_Party/FreeRTOS/Source/portable/GCC/ARM_CM4F/port.o
 .debug_info    0x000000000001f7e8      0xd8a ./Middlewares/Third_Party/FreeRTOS/Source/portable/MemMang/heap_4.o

.debug_abbrev   0x0000000000000000     0x39fc
 .debug_abbrev  0x0000000000000000      0x22d ./Core/Src/freertos.o
 .debug_abbrev  0x000000000000022d      0x21a ./Core/Src/gpio.o
 .debug_abbrev  0x0000000000000447      0x21d ./Core/Src/isr.o
 .debug_abbrev  0x0000000000000664      0x27e ./Core/Src/main.o
 .debug_abbrev  0x00000000000008e2      0x20f ./Core/Src/stm32h7xx_hal_msp.o
 .debug_abbrev  0x0000000000000af1      0x271 ./Core/Src/stm32h7xx_hal_timebase_tim.o
 .debug_abbrev  0x0000000000000d62      0x211 ./Core/Src/stm32h7xx_it.o
 .debug_abbrev  0x0000000000000f73      0x251 ./Core/Src/system_stm32h7xx.o
 .debug_abbrev  0x00000000000011c4      0x294 ./Core/Src/tim.o
 .debug_abbrev  0x0000000000001458       0x12 ./Core/Startup/startup_stm32h723zgtx.o
 .debug_abbrev  0x000000000000146a      0x324 ./Drivers/STM32H7xx_HAL_Driver/Src/stm32h7xx_hal.o
 .debug_abbrev  0x000000000000178e      0x409 ./Drivers/STM32H7xx_HAL_Driver/Src/stm32h7xx_hal_cortex.o
 .debug_abbrev  0x0000000000001b97      0x2cb ./Drivers/STM32H7xx_HAL_Driver/Src/stm32h7xx_hal_gpio.o
 .debug_abbrev  0x0000000000001e62      0x33f ./Drivers/STM32H7xx_HAL_Driver/Src/stm32h7xx_hal_pwr_ex.o
 .debug_abbrev  0x00000000000021a1      0x311 ./Drivers/STM32H7xx_HAL_Driver/Src/stm32h7xx_hal_rcc.o
 .debug_abbrev  0x00000000000024b2      0x2f9 ./Drivers/STM32H7xx_HAL_Driver/Src/stm32h7xx_hal_tim.o
 .debug_abbrev  0x00000000000027ab      0x301 ./Drivers/STM32H7xx_HAL_Driver/Src/stm32h7xx_hal_tim_ex.o
 .debug_abbrev  0x0000000000002aac      0x3d1 ./Middlewares/Third_Party/FreeRTOS/Source/CMSIS_RTOS/cmsis_os.o
 .debug_abbrev  0x0000000000002e7d      0x1f7 ./Middlewares/Third_Party/FreeRTOS/Source/list.o
 .debug_abbrev  0x0000000000003074      0x380 ./Middlewares/Third_Party/FreeRTOS/Source/tasks.o
 .debug_abbrev  0x00000000000033f4      0x335 ./Middlewares/Third_Party/FreeRTOS/Source/portable/GCC/ARM_CM4F/port.o
 .debug_abbrev  0x0000000000003729      0x2d3 ./Middlewares/Third_Party/FreeRTOS/Source/portable/MemMang/heap_4.o

.debug_aranges  0x0000000000000000     0x1120
 .debug_aranges
                0x0000000000000000       0x30 ./Core/Src/freertos.o
 .debug_aranges
                0x0000000000000030       0x20 ./Core/Src/gpio.o
 .debug_aranges
                0x0000000000000050       0x20 ./Core/Src/isr.o
 .debug_aranges
                0x0000000000000070       0x38 ./Core/Src/main.o
 .debug_aranges
                0x00000000000000a8       0x20 ./Core/Src/stm32h7xx_hal_msp.o
 .debug_aranges
                0x00000000000000c8       0x30 ./Core/Src/stm32h7xx_hal_timebase_tim.o
 .debug_aranges
                0x00000000000000f8       0x58 ./Core/Src/stm32h7xx_it.o
 .debug_aranges
                0x0000000000000150       0x28 ./Core/Src/system_stm32h7xx.o
 .debug_aranges
                0x0000000000000178       0x50 ./Core/Src/tim.o
 .debug_aranges
                0x00000000000001c8       0x28 ./Core/Startup/startup_stm32h723zgtx.o
 .debug_aranges
                0x00000000000001f0      0x1c8 ./Drivers/STM32H7xx_HAL_Driver/Src/stm32h7xx_hal.o
 .debug_aranges
                0x00000000000003b8      0x120 ./Drivers/STM32H7xx_HAL_Driver/Src/stm32h7xx_hal_cortex.o
 .debug_aranges
                0x00000000000004d8       0x58 ./Drivers/STM32H7xx_HAL_Driver/Src/stm32h7xx_hal_gpio.o
 .debug_aranges
                0x0000000000000530      0x148 ./Drivers/STM32H7xx_HAL_Driver/Src/stm32h7xx_hal_pwr_ex.o
 .debug_aranges
                0x0000000000000678       0x88 ./Drivers/STM32H7xx_HAL_Driver/Src/stm32h7xx_hal_rcc.o
 .debug_aranges
                0x0000000000000700      0x3e0 ./Drivers/STM32H7xx_HAL_Driver/Src/stm32h7xx_hal_tim.o
 .debug_aranges
                0x0000000000000ae0      0x198 ./Drivers/STM32H7xx_HAL_Driver/Src/stm32h7xx_hal_tim_ex.o
 .debug_aranges
                0x0000000000000c78      0x1d8 ./Middlewares/Third_Party/FreeRTOS/Source/CMSIS_RTOS/cmsis_os.o
 .debug_aranges
                0x0000000000000e50       0x40 ./Middlewares/Third_Party/FreeRTOS/Source/list.o
 .debug_aranges
                0x0000000000000e90      0x1b8 ./Middlewares/Third_Party/FreeRTOS/Source/tasks.o
 .debug_aranges
                0x0000000000001048       0x80 ./Middlewares/Third_Party/FreeRTOS/Source/portable/GCC/ARM_CM4F/port.o
 .debug_aranges
                0x00000000000010c8       0x58 ./Middlewares/Third_Party/FreeRTOS/Source/portable/MemMang/heap_4.o

.debug_ranges   0x0000000000000000      0xfc8
 .debug_ranges  0x0000000000000000       0x20 ./Core/Src/freertos.o
 .debug_ranges  0x0000000000000020       0x10 ./Core/Src/gpio.o
 .debug_ranges  0x0000000000000030       0x10 ./Core/Src/isr.o
 .debug_ranges  0x0000000000000040       0x28 ./Core/Src/main.o
 .debug_ranges  0x0000000000000068       0x10 ./Core/Src/stm32h7xx_hal_msp.o
 .debug_ranges  0x0000000000000078       0x20 ./Core/Src/stm32h7xx_hal_timebase_tim.o
 .debug_ranges  0x0000000000000098       0x48 ./Core/Src/stm32h7xx_it.o
 .debug_ranges  0x00000000000000e0       0x18 ./Core/Src/system_stm32h7xx.o
 .debug_ranges  0x00000000000000f8       0x40 ./Core/Src/tim.o
 .debug_ranges  0x0000000000000138       0x20 ./Core/Startup/startup_stm32h723zgtx.o
 .debug_ranges  0x0000000000000158      0x1b8 ./Drivers/STM32H7xx_HAL_Driver/Src/stm32h7xx_hal.o
 .debug_ranges  0x0000000000000310      0x110 ./Drivers/STM32H7xx_HAL_Driver/Src/stm32h7xx_hal_cortex.o
 .debug_ranges  0x0000000000000420       0x48 ./Drivers/STM32H7xx_HAL_Driver/Src/stm32h7xx_hal_gpio.o
 .debug_ranges  0x0000000000000468      0x138 ./Drivers/STM32H7xx_HAL_Driver/Src/stm32h7xx_hal_pwr_ex.o
 .debug_ranges  0x00000000000005a0       0x78 ./Drivers/STM32H7xx_HAL_Driver/Src/stm32h7xx_hal_rcc.o
 .debug_ranges  0x0000000000000618      0x3d0 ./Drivers/STM32H7xx_HAL_Driver/Src/stm32h7xx_hal_tim.o
 .debug_ranges  0x00000000000009e8      0x188 ./Drivers/STM32H7xx_HAL_Driver/Src/stm32h7xx_hal_tim_ex.o
 .debug_ranges  0x0000000000000b70      0x1c8 ./Middlewares/Third_Party/FreeRTOS/Source/CMSIS_RTOS/cmsis_os.o
 .debug_ranges  0x0000000000000d38       0x30 ./Middlewares/Third_Party/FreeRTOS/Source/list.o
 .debug_ranges  0x0000000000000d68      0x1a8 ./Middlewares/Third_Party/FreeRTOS/Source/tasks.o
 .debug_ranges  0x0000000000000f10       0x70 ./Middlewares/Third_Party/FreeRTOS/Source/portable/GCC/ARM_CM4F/port.o
 .debug_ranges  0x0000000000000f80       0x48 ./Middlewares/Third_Party/FreeRTOS/Source/portable/MemMang/heap_4.o

.debug_macro    0x0000000000000000    0x33927
 .debug_macro   0x0000000000000000      0x369 ./Core/Src/freertos.o
 .debug_macro   0x0000000000000369      0xac0 ./Core/Src/freertos.o
 .debug_macro   0x0000000000000e29      0x174 ./Core/Src/freertos.o
 .debug_macro   0x0000000000000f9d       0x22 ./Core/Src/freertos.o
 .debug_macro   0x0000000000000fbf       0x8e ./Core/Src/freertos.o
 .debug_macro   0x000000000000104d       0x51 ./Core/Src/freertos.o
 .debug_macro   0x000000000000109e      0x103 ./Core/Src/freertos.o
 .debug_macro   0x00000000000011a1       0x6a ./Core/Src/freertos.o
 .debug_macro   0x000000000000120b      0x1df ./Core/Src/freertos.o
 .debug_macro   0x00000000000013ea       0xf1 ./Core/Src/freertos.o
 .debug_macro   0x00000000000014db      0x15a ./Core/Src/freertos.o
 .debug_macro   0x0000000000001635       0xde ./Core/Src/freertos.o
 .debug_macro   0x0000000000001713       0x1c ./Core/Src/freertos.o
 .debug_macro   0x000000000000172f       0x26 ./Core/Src/freertos.o
 .debug_macro   0x0000000000001755       0x52 ./Core/Src/freertos.o
 .debug_macro   0x00000000000017a7       0x17 ./Core/Src/freertos.o
 .debug_macro   0x00000000000017be       0x3c ./Core/Src/freertos.o
 .debug_macro   0x00000000000017fa       0x34 ./Core/Src/freertos.o
 .debug_macro   0x000000000000182e       0x16 ./Core/Src/freertos.o
 .debug_macro   0x0000000000001844       0x43 ./Core/Src/freertos.o
 .debug_macro   0x0000000000001887       0x34 ./Core/Src/freertos.o
 .debug_macro   0x00000000000018bb       0x10 ./Core/Src/freertos.o
 .debug_macro   0x00000000000018cb       0x58 ./Core/Src/freertos.o
 .debug_macro   0x0000000000001923       0x71 ./Core/Src/freertos.o
 .debug_macro   0x0000000000001994       0x1c ./Core/Src/freertos.o
 .debug_macro   0x00000000000019b0      0x12a ./Core/Src/freertos.o
 .debug_macro   0x0000000000001ada       0x10 ./Core/Src/freertos.o
 .debug_macro   0x0000000000001aea       0x35 ./Core/Src/freertos.o
 .debug_macro   0x0000000000001b1f      0x4fe ./Core/Src/freertos.o
 .debug_macro   0x000000000000201d       0xb5 ./Core/Src/freertos.o
 .debug_macro   0x00000000000020d2       0xaa ./Core/Src/freertos.o
 .debug_macro   0x000000000000217c      0x232 ./Core/Src/freertos.o
 .debug_macro   0x00000000000023ae       0x2e ./Core/Src/freertos.o
 .debug_macro   0x00000000000023dc       0x3b ./Core/Src/freertos.o
 .debug_macro   0x0000000000002417       0x1c ./Core/Src/freertos.o
 .debug_macro   0x0000000000002433       0x22 ./Core/Src/freertos.o
 .debug_macro   0x0000000000002455      0x101 ./Core/Src/freertos.o
 .debug_macro   0x0000000000002556     0x1305 ./Core/Src/freertos.o
 .debug_macro   0x000000000000385b      0x11f ./Core/Src/freertos.o
 .debug_macro   0x000000000000397a       0x27 ./Core/Src/freertos.o
 .debug_macro   0x00000000000039a1    0x211d1 ./Core/Src/freertos.o
 .debug_macro   0x0000000000024b72       0x6d ./Core/Src/freertos.o
 .debug_macro   0x0000000000024bdf     0x3d0d ./Core/Src/freertos.o
 .debug_macro   0x00000000000288ec      0x333 ./Core/Src/freertos.o
 .debug_macro   0x0000000000028c1f      0x1a9 ./Core/Src/freertos.o
 .debug_macro   0x0000000000028dc8       0x5d ./Core/Src/freertos.o
 .debug_macro   0x0000000000028e25     0x2462 ./Core/Src/freertos.o
 .debug_macro   0x000000000002b287     0x104f ./Core/Src/freertos.o
 .debug_macro   0x000000000002c2d6      0x14d ./Core/Src/freertos.o
 .debug_macro   0x000000000002c423      0x114 ./Core/Src/freertos.o
 .debug_macro   0x000000000002c537      0x3f8 ./Core/Src/freertos.o
 .debug_macro   0x000000000002c92f       0xac ./Core/Src/freertos.o
 .debug_macro   0x000000000002c9db      0x788 ./Core/Src/freertos.o
 .debug_macro   0x000000000002d163      0x228 ./Core/Src/freertos.o
 .debug_macro   0x000000000002d38b       0x66 ./Core/Src/freertos.o
 .debug_macro   0x000000000002d3f1      0x3a6 ./Core/Src/freertos.o
 .debug_macro   0x000000000002d797      0x3f9 ./Core/Src/freertos.o
 .debug_macro   0x000000000002db90      0x275 ./Core/Src/freertos.o
 .debug_macro   0x000000000002de05      0x3ca ./Core/Src/freertos.o
 .debug_macro   0x000000000002e1cf      0x45c ./Core/Src/freertos.o
 .debug_macro   0x000000000002e62b       0x3c ./Core/Src/freertos.o
 .debug_macro   0x000000000002e667       0x4a ./Core/Src/freertos.o
 .debug_macro   0x000000000002e6b1      0x22c ./Core/Src/freertos.o
 .debug_macro   0x000000000002e8dd       0x67 ./Core/Src/freertos.o
 .debug_macro   0x000000000002e944       0xa5 ./Core/Src/freertos.o
 .debug_macro   0x000000000002e9e9      0x1c4 ./Core/Src/freertos.o
 .debug_macro   0x000000000002ebad      0x22a ./Core/Src/freertos.o
 .debug_macro   0x000000000002edd7       0x35 ./Core/Src/freertos.o
 .debug_macro   0x000000000002ee0c      0xb16 ./Core/Src/freertos.o
 .debug_macro   0x000000000002f922      0x29f ./Core/Src/freertos.o
 .debug_macro   0x000000000002fbc1      0x5e6 ./Core/Src/freertos.o
 .debug_macro   0x00000000000301a7       0x91 ./Core/Src/freertos.o
 .debug_macro   0x0000000000030238       0x8d ./Core/Src/freertos.o
 .debug_macro   0x00000000000302c5       0x7e ./Core/Src/freertos.o
 .debug_macro   0x0000000000030343       0x19 ./Core/Src/freertos.o
 .debug_macro   0x000000000003035c       0xf2 ./Core/Src/freertos.o
 .debug_macro   0x000000000003044e      0x2a8 ./Core/Src/gpio.o
 .debug_macro   0x00000000000306f6      0x2a8 ./Core/Src/isr.o
 .debug_macro   0x000000000003099e      0x37b ./Core/Src/main.o
 .debug_macro   0x0000000000030d19       0xf1 ./Core/Src/main.o
 .debug_macro   0x0000000000030e0a       0x16 ./Core/Src/main.o
 .debug_macro   0x0000000000030e20      0x29e ./Core/Src/stm32h7xx_hal_msp.o
 .debug_macro   0x00000000000310be      0x294 ./Core/Src/stm32h7xx_hal_timebase_tim.o
 .debug_macro   0x0000000000031352      0x2a8 ./Core/Src/stm32h7xx_it.o
 .debug_macro   0x00000000000315fa      0x294 ./Core/Src/system_stm32h7xx.o
 .debug_macro   0x000000000003188e      0x2a8 ./Core/Src/tim.o
 .debug_macro   0x0000000000031b36      0x2be ./Drivers/STM32H7xx_HAL_Driver/Src/stm32h7xx_hal.o
 .debug_macro   0x0000000000031df4      0x294 ./Drivers/STM32H7xx_HAL_Driver/Src/stm32h7xx_hal_cortex.o
 .debug_macro   0x0000000000032088      0x29b ./Drivers/STM32H7xx_HAL_Driver/Src/stm32h7xx_hal_gpio.o
 .debug_macro   0x0000000000032323      0x2cd ./Drivers/STM32H7xx_HAL_Driver/Src/stm32h7xx_hal_pwr_ex.o
 .debug_macro   0x00000000000325f0      0x2b8 ./Drivers/STM32H7xx_HAL_Driver/Src/stm32h7xx_hal_rcc.o
 .debug_macro   0x00000000000328a8      0x295 ./Drivers/STM32H7xx_HAL_Driver/Src/stm32h7xx_hal_tim.o
 .debug_macro   0x0000000000032b3d      0x29a ./Drivers/STM32H7xx_HAL_Driver/Src/stm32h7xx_hal_tim_ex.o
 .debug_macro   0x0000000000032dd7      0x210 ./Middlewares/Third_Party/FreeRTOS/Source/CMSIS_RTOS/cmsis_os.o
 .debug_macro   0x0000000000032fe7       0x10 ./Middlewares/Third_Party/FreeRTOS/Source/CMSIS_RTOS/cmsis_os.o
 .debug_macro   0x0000000000032ff7       0x20 ./Middlewares/Third_Party/FreeRTOS/Source/CMSIS_RTOS/cmsis_os.o
 .debug_macro   0x0000000000033017       0xe9 ./Middlewares/Third_Party/FreeRTOS/Source/CMSIS_RTOS/cmsis_os.o
 .debug_macro   0x0000000000033100      0x199 ./Middlewares/Third_Party/FreeRTOS/Source/list.o
 .debug_macro   0x0000000000033299      0x28b ./Middlewares/Third_Party/FreeRTOS/Source/tasks.o
 .debug_macro   0x0000000000033524       0x10 ./Middlewares/Third_Party/FreeRTOS/Source/tasks.o
 .debug_macro   0x0000000000033534      0x233 ./Middlewares/Third_Party/FreeRTOS/Source/portable/GCC/ARM_CM4F/port.o
 .debug_macro   0x0000000000033767      0x1c0 ./Middlewares/Third_Party/FreeRTOS/Source/portable/MemMang/heap_4.o

.debug_line     0x0000000000000000    0x13e2a
 .debug_line    0x0000000000000000      0x9e3 ./Core/Src/freertos.o
 .debug_line    0x00000000000009e3      0x823 ./Core/Src/gpio.o
 .debug_line    0x0000000000001206      0x86f ./Core/Src/isr.o
 .debug_line    0x0000000000001a75      0xa6f ./Core/Src/main.o
 .debug_line    0x00000000000024e4      0x826 ./Core/Src/stm32h7xx_hal_msp.o
 .debug_line    0x0000000000002d0a      0x88f ./Core/Src/stm32h7xx_hal_timebase_tim.o
 .debug_line    0x0000000000003599      0x8db ./Core/Src/stm32h7xx_it.o
 .debug_line    0x0000000000003e74      0x9c8 ./Core/Src/system_stm32h7xx.o
 .debug_line    0x000000000000483c      0x972 ./Core/Src/tim.o
 .debug_line    0x00000000000051ae       0x88 ./Core/Startup/startup_stm32h723zgtx.o
 .debug_line    0x0000000000005236      0xe65 ./Drivers/STM32H7xx_HAL_Driver/Src/stm32h7xx_hal.o
 .debug_line    0x000000000000609b      0xdda ./Drivers/STM32H7xx_HAL_Driver/Src/stm32h7xx_hal_cortex.o
 .debug_line    0x0000000000006e75      0xc83 ./Drivers/STM32H7xx_HAL_Driver/Src/stm32h7xx_hal_gpio.o
 .debug_line    0x0000000000007af8      0xe49 ./Drivers/STM32H7xx_HAL_Driver/Src/stm32h7xx_hal_pwr_ex.o
 .debug_line    0x0000000000008941     0x12a5 ./Drivers/STM32H7xx_HAL_Driver/Src/stm32h7xx_hal_rcc.o
 .debug_line    0x0000000000009be6     0x3f1e ./Drivers/STM32H7xx_HAL_Driver/Src/stm32h7xx_hal_tim.o
 .debug_line    0x000000000000db04     0x1ed7 ./Drivers/STM32H7xx_HAL_Driver/Src/stm32h7xx_hal_tim_ex.o
 .debug_line    0x000000000000f9db     0x11cf ./Middlewares/Third_Party/FreeRTOS/Source/CMSIS_RTOS/cmsis_os.o
 .debug_line    0x0000000000010baa      0x716 ./Middlewares/Third_Party/FreeRTOS/Source/list.o
 .debug_line    0x00000000000112c0     0x194d ./Middlewares/Third_Party/FreeRTOS/Source/tasks.o
 .debug_line    0x0000000000012c0d      0x8dd ./Middlewares/Third_Party/FreeRTOS/Source/portable/GCC/ARM_CM4F/port.o
 .debug_line    0x00000000000134ea      0x940 ./Middlewares/Third_Party/FreeRTOS/Source/portable/MemMang/heap_4.o

.debug_str      0x0000000000000000   0x14bc67
 .debug_str     0x0000000000000000   0x145137 ./Core/Src/freertos.o
                                     0x1456a6 (size before relaxing)
 .debug_str     0x0000000000145137      0x251 ./Core/Src/gpio.o
                                     0x13f669 (size before relaxing)
 .debug_str     0x0000000000145388      0x5cd ./Core/Src/isr.o
                                     0x13fa99 (size before relaxing)
 .debug_str     0x0000000000145955      0x25f ./Core/Src/main.o
                                     0x145c2a (size before relaxing)
 .debug_str     0x0000000000145bb4      0x77c ./Core/Src/stm32h7xx_hal_msp.o
                                     0x13fe47 (size before relaxing)
 .debug_str     0x0000000000146330       0xaa ./Core/Src/stm32h7xx_hal_timebase_tim.o
                                     0x140560 (size before relaxing)
 .debug_str     0x00000000001463da       0xa2 ./Core/Src/stm32h7xx_it.o
                                     0x13fadb (size before relaxing)
 .debug_str     0x000000000014647c      0x27f ./Core/Src/system_stm32h7xx.o
                                     0x13f8c9 (size before relaxing)
 .debug_str     0x00000000001466fb      0x207 ./Core/Src/tim.o
                                     0x140695 (size before relaxing)
 .debug_str     0x0000000000146902       0x7f ./Core/Startup/startup_stm32h723zgtx.o
 .debug_str     0x0000000000146981      0x8cb ./Drivers/STM32H7xx_HAL_Driver/Src/stm32h7xx_hal.o
                                     0x14086b (size before relaxing)
 .debug_str     0x000000000014724c      0x38f ./Drivers/STM32H7xx_HAL_Driver/Src/stm32h7xx_hal_cortex.o
                                     0x140252 (size before relaxing)
 .debug_str     0x00000000001475db      0x14b ./Drivers/STM32H7xx_HAL_Driver/Src/stm32h7xx_hal_gpio.o
                                     0x13f955 (size before relaxing)
 .debug_str     0x0000000000147726      0x5ea ./Drivers/STM32H7xx_HAL_Driver/Src/stm32h7xx_hal_pwr_ex.o
                                     0x13fd2b (size before relaxing)
 .debug_str     0x0000000000147d10      0x262 ./Drivers/STM32H7xx_HAL_Driver/Src/stm32h7xx_hal_rcc.o
                                     0x13fc65 (size before relaxing)
 .debug_str     0x0000000000147f72      0xd8a ./Drivers/STM32H7xx_HAL_Driver/Src/stm32h7xx_hal_tim.o
                                     0x1409ed (size before relaxing)
 .debug_str     0x0000000000148cfc      0x673 ./Drivers/STM32H7xx_HAL_Driver/Src/stm32h7xx_hal_tim_ex.o
                                     0x14034c (size before relaxing)
 .debug_str     0x000000000014936f      0x948 ./Middlewares/Third_Party/FreeRTOS/Source/CMSIS_RTOS/cmsis_os.o
                                       0xe668 (size before relaxing)
 .debug_str     0x0000000000149cb7      0x219 ./Middlewares/Third_Party/FreeRTOS/Source/list.o
                                       0xabcb (size before relaxing)
 .debug_str     0x0000000000149ed0     0x1250 ./Middlewares/Third_Party/FreeRTOS/Source/tasks.o
                                       0xce4c (size before relaxing)
 .debug_str     0x000000000014b120      0x803 ./Middlewares/Third_Party/FreeRTOS/Source/portable/GCC/ARM_CM4F/port.o
                                       0xa4bb (size before relaxing)
 .debug_str     0x000000000014b923      0x344 ./Middlewares/Third_Party/FreeRTOS/Source/portable/MemMang/heap_4.o
                                       0xb4be (size before relaxing)

.comment        0x0000000000000000       0x53
 .comment       0x0000000000000000       0x53 ./Core/Src/freertos.o
                                         0x54 (size before relaxing)
 .comment       0x0000000000000053       0x54 ./Core/Src/gpio.o
 .comment       0x0000000000000053       0x54 ./Core/Src/isr.o
 .comment       0x0000000000000053       0x54 ./Core/Src/main.o
 .comment       0x0000000000000053       0x54 ./Core/Src/stm32h7xx_hal_msp.o
 .comment       0x0000000000000053       0x54 ./Core/Src/stm32h7xx_hal_timebase_tim.o
 .comment       0x0000000000000053       0x54 ./Core/Src/stm32h7xx_it.o
 .comment       0x0000000000000053       0x54 ./Core/Src/system_stm32h7xx.o
 .comment       0x0000000000000053       0x54 ./Core/Src/tim.o
 .comment       0x0000000000000053       0x54 ./Drivers/STM32H7xx_HAL_Driver/Src/stm32h7xx_hal.o
 .comment       0x0000000000000053       0x54 ./Drivers/STM32H7xx_HAL_Driver/Src/stm32h7xx_hal_cortex.o
 .comment       0x0000000000000053       0x54 ./Drivers/STM32H7xx_HAL_Driver/Src/stm32h7xx_hal_gpio.o
 .comment       0x0000000000000053       0x54 ./Drivers/STM32H7xx_HAL_Driver/Src/stm32h7xx_hal_pwr_ex.o
 .comment       0x0000000000000053       0x54 ./Drivers/STM32H7xx_HAL_Driver/Src/stm32h7xx_hal_rcc.o
 .comment       0x0000000000000053       0x54 ./Drivers/STM32H7xx_HAL_Driver/Src/stm32h7xx_hal_tim.o
 .comment       0x0000000000000053       0x54 ./Drivers/STM32H7xx_HAL_Driver/Src/stm32h7xx_hal_tim_ex.o
 .comment       0x0000000000000053       0x54 ./Middlewares/Third_Party/FreeRTOS/Source/CMSIS_RTOS/cmsis_os.o
 .comment       0x0000000000000053       0x54 ./Middlewares/Third_Party/FreeRTOS/Source/list.o
 .comment       0x0000000000000053       0x54 ./Middlewares/Third_Party/FreeRTOS/Source/tasks.o
 .comment       0x0000000000000053       0x54 ./Middlewares/Third_Party/FreeRTOS/Source/portable/GCC/ARM_CM4F/port.o
 .comment       0x0000000000000053       0x54 ./Middlewares/Third_Party/FreeRTOS/Source/portable/MemMang/heap_4.o

.debug_frame    0x0000000000000000     0x48bc
 .debug_frame   0x0000000000000000       0x80 ./Core/Src/freertos.o
 .debug_frame   0x0000000000000080       0x38 ./Core/Src/gpio.o
 .debug_frame   0x00000000000000b8       0x34 ./Core/Src/isr.o
 .debug_frame   0x00000000000000ec       0x8c ./Core/Src/main.o
 .debug_frame   0x0000000000000178       0x34 ./Core/Src/stm32h7xx_hal_msp.o
 .debug_frame   0x00000000000001ac       0x74 ./Core/Src/stm32h7xx_hal_timebase_tim.o
 .debug_frame   0x0000000000000220       0xe0 ./Core/Src/stm32h7xx_it.o
 .debug_frame   0x0000000000000300       0x58 ./Core/Src/system_stm32h7xx.o
 .debug_frame   0x0000000000000358      0x114 ./Core/Src/tim.o
 .debug_frame   0x000000000000046c      0x760 ./Drivers/STM32H7xx_HAL_Driver/Src/stm32h7xx_hal.o
 .debug_frame   0x0000000000000bcc      0x4b8 ./Drivers/STM32H7xx_HAL_Driver/Src/stm32h7xx_hal_cortex.o
 .debug_frame   0x0000000000001084      0x14c ./Drivers/STM32H7xx_HAL_Driver/Src/stm32h7xx_hal_gpio.o
 .debug_frame   0x00000000000011d0      0x540 ./Drivers/STM32H7xx_HAL_Driver/Src/stm32h7xx_hal_pwr_ex.o
 .debug_frame   0x0000000000001710      0x1fc ./Drivers/STM32H7xx_HAL_Driver/Src/stm32h7xx_hal_rcc.o
 .debug_frame   0x000000000000190c     0x121c ./Drivers/STM32H7xx_HAL_Driver/Src/stm32h7xx_hal_tim.o
 .debug_frame   0x0000000000002b28      0x724 ./Drivers/STM32H7xx_HAL_Driver/Src/stm32h7xx_hal_tim_ex.o
 .debug_frame   0x000000000000324c      0x80c ./Middlewares/Third_Party/FreeRTOS/Source/CMSIS_RTOS/cmsis_os.o
 .debug_frame   0x0000000000003a58       0xd8 ./Middlewares/Third_Party/FreeRTOS/Source/list.o
 .debug_frame   0x0000000000003b30      0x77c ./Middlewares/Third_Party/FreeRTOS/Source/tasks.o
 .debug_frame   0x00000000000042ac      0x1a8 ./Middlewares/Third_Party/FreeRTOS/Source/portable/GCC/ARM_CM4F/port.o
 .debug_frame   0x0000000000004454      0x12c ./Middlewares/Third_Party/FreeRTOS/Source/portable/MemMang/heap_4.o
 .debug_frame   0x0000000000004580      0x14c c:/st/stm32cubeide_1.8.0/stm32cubeide/plugins/com.st.stm32cube.ide.mcu.externaltools.gnu-tools-for-stm32.9-2020-q2-update.win32_2.0.0.202105311346/tools/bin/../lib/gcc/arm-none-eabi/9.3.1/../../../../arm-none-eabi/lib/thumb/v7e-m+dp/hard\libc_nano.a(lib_a-findfp.o)
 .debug_frame   0x00000000000046cc       0x2c c:/st/stm32cubeide_1.8.0/stm32cubeide/plugins/com.st.stm32cube.ide.mcu.externaltools.gnu-tools-for-stm32.9-2020-q2-update.win32_2.0.0.202105311346/tools/bin/../lib/gcc/arm-none-eabi/9.3.1/../../../../arm-none-eabi/lib/thumb/v7e-m+dp/hard\libc_nano.a(lib_a-init.o)
 .debug_frame   0x00000000000046f8       0xb0 c:/st/stm32cubeide_1.8.0/stm32cubeide/plugins/com.st.stm32cube.ide.mcu.externaltools.gnu-tools-for-stm32.9-2020-q2-update.win32_2.0.0.202105311346/tools/bin/../lib/gcc/arm-none-eabi/9.3.1/../../../../arm-none-eabi/lib/thumb/v7e-m+dp/hard\libc_nano.a(lib_a-lock.o)
 .debug_frame   0x00000000000047a8       0x20 c:/st/stm32cubeide_1.8.0/stm32cubeide/plugins/com.st.stm32cube.ide.mcu.externaltools.gnu-tools-for-stm32.9-2020-q2-update.win32_2.0.0.202105311346/tools/bin/../lib/gcc/arm-none-eabi/9.3.1/../../../../arm-none-eabi/lib/thumb/v7e-m+dp/hard\libc_nano.a(lib_a-memset.o)
 .debug_frame   0x00000000000047c8       0x30 c:/st/stm32cubeide_1.8.0/stm32cubeide/plugins/com.st.stm32cube.ide.mcu.externaltools.gnu-tools-for-stm32.9-2020-q2-update.win32_2.0.0.202105311346/tools/bin/../lib/gcc/arm-none-eabi/9.3.1/../../../../arm-none-eabi/lib/thumb/v7e-m+dp/hard\libc_nano.a(lib_a-nano-mallocr.o)
 .debug_frame   0x00000000000047f8       0x5c c:/st/stm32cubeide_1.8.0/stm32cubeide/plugins/com.st.stm32cube.ide.mcu.externaltools.gnu-tools-for-stm32.9-2020-q2-update.win32_2.0.0.202105311346/tools/bin/../lib/gcc/arm-none-eabi/9.3.1/../../../../arm-none-eabi/lib/thumb/v7e-m+dp/hard\libc_nano.a(lib_a-reent.o)
 .debug_frame   0x0000000000004854       0x30 c:/st/stm32cubeide_1.8.0/stm32cubeide/plugins/com.st.stm32cube.ide.mcu.externaltools.gnu-tools-for-stm32.9-2020-q2-update.win32_2.0.0.202105311346/tools/bin/../lib/gcc/arm-none-eabi/9.3.1/../../../../arm-none-eabi/lib/thumb/v7e-m+dp/hard\libc_nano.a(lib_a-mlock.o)
 .debug_frame   0x0000000000004884       0x38 c:/st/stm32cubeide_1.8.0/stm32cubeide/plugins/com.st.stm32cube.ide.mcu.externaltools.gnu-tools-for-stm32.9-2020-q2-update.win32_2.0.0.202105311346/tools/bin/../lib/gcc/arm-none-eabi/9.3.1/../../../../arm-none-eabi/lib/thumb/v7e-m+dp/hard\libc_nano.a(lib_a-nano-freer.o)
